Component: ARM Compiler 5.06 (build 20) Tool: armlink [4d35a3]

==============================================================================

Section Cross References

    main.o(.text) refers to sys.o(.text) for SysTick_Init
    main.o(.text) refers to key.o(.text) for Key_Config
    main.o(.text) refers to lcd_drive.o(.text) for LCD_Init
    main.o(.text) refers to pwm.o(.text) for PWMx4_Init
    main.o(.text) refers to timcontrol.o(.text) for TIM7Line_Init
    main.o(.text) refers to misc.o(.text) for NVIC_PriorityGroupConfig
    main.o(.text) refers to stm32f4xx_adc.o(.text) for ADC_SoftwareStartConv
    main.o(.text) refers to display.o(.text) for First_Show
    main.o(.text) refers to run.o(.text) for Base1
    main.o(.text) refers to key.o(.data) for BACK_ESC
    dma.o(.text) refers to stm32f4xx_rcc.o(.text) for RCC_AHB1PeriphClockCmd
    dma.o(.text) refers to stm32f4xx_dma.o(.text) for DMA_DeInit
    dma.o(.text) refers to misc.o(.text) for NVIC_Init
    dma.o(.text) refers to dma.o(.data) for ADC1ConvertedValue
    usart.o(.text) refers to stm32f4xx_rcc.o(.text) for RCC_AHB1PeriphClockCmd
    usart.o(.text) refers to stm32f4xx_gpio.o(.text) for GPIO_PinAFConfig
    usart.o(.text) refers to stm32f4xx_usart.o(.text) for USART_Init
    usart.o(.text) refers to misc.o(.text) for NVIC_Init
    usart.o(.text) refers to usart.o(.data) for USART_RX_STA
    usart.o(.text) refers to usart.o(.bss) for USART_RX_BUF
    pwm.o(.text) refers to stm32f4xx_rcc.o(.text) for RCC_AHB1PeriphClockCmd
    pwm.o(.text) refers to stm32f4xx_gpio.o(.text) for GPIO_Init
    pwm.o(.text) refers to stm32f4xx_tim.o(.text) for TIM_TimeBaseInit
    lcd_drive.o(.text) refers to sys.o(.text) for Delay_us
    lcd_drive.o(.text) refers to lcd_drive.o(.bss) for lcddev
    lcd_drive.o(.text) refers to lcd_drive.o(.data) for POINT_COLOR
    lcd_drive.o(.text) refers to stm32f4xx_rcc.o(.text) for RCC_AHB1PeriphClockCmd
    lcd_drive.o(.text) refers to stm32f4xx_gpio.o(.text) for GPIO_Init
    lcd_drive.o(.text) refers to stm32f4xx_fsmc.o(.text) for FSMC_NORSRAMInit
    adc.o(.text) refers to stm32f4xx_rcc.o(.text) for RCC_AHB1PeriphClockCmd
    adc.o(.text) refers to stm32f4xx_gpio.o(.text) for GPIO_Init
    adc.o(.text) refers to stm32f4xx_adc.o(.text) for ADC_TempSensorVrefintCmd
    timcontrol.o(.text) refers to stm32f4xx_rcc.o(.text) for RCC_APB1PeriphClockCmd
    timcontrol.o(.text) refers to stm32f4xx_tim.o(.text) for TIM_TimeBaseInit
    timcontrol.o(.text) refers to misc.o(.text) for NVIC_Init
    key.o(.text) refers to stm32f4xx_rcc.o(.text) for RCC_AHB1PeriphClockCmd
    key.o(.text) refers to stm32f4xx_gpio.o(.text) for GPIO_Init
    key.o(.text) refers to display.o(.text) for IF4_Show
    key.o(.text) refers to key.o(.data) for _KeyRead
    lcd_own.o(.text) refers to lcd_drive.o(.text) for LCD_SetCursor
    lcd_own.o(.text) refers to lcd_own.o(.data) for asc2_1206
    lcd_own.o(.text) refers to lcd_drive.o(.data) for POINT_COLOR
    lcd_own.o(.text) refers to lcd_drive.o(.bss) for lcddev
    pid.o(.text) refers to run.o(.text) for MPU6050_data
    pid.o(.text) refers to pid.o(.bss) for pid
    pid.o(.text) refers to datadefine.o(.bss) for angle
    pid.o(.text) refers to pid.o(.data) for _fangxiang
    irq_cell.o(.text) refers to stm32f4xx_tim.o(.text) for TIM_GetITStatus
    irq_cell.o(.text) refers to key.o(.text) for Keyopt
    irq_cell.o(.text) refers to stm32f4xx_dma.o(.text) for DMA_GetITStatus
    irq_cell.o(.text) refers to stm32f4xx_usart.o(.text) for USART_GetITStatus
    irq_cell.o(.text) refers to irq_cell.o(.data) for Value
    irq_cell.o(.text) refers to dma.o(.data) for ADC1ConvertedValue
    irq_cell.o(.text) refers to irq_cell.o(.bss) for _Temp
    irq_cell.o(.text) refers to datadefine.o(.data) for counter
    irq_cell.o(.text) refers to datadefine.o(.bss) for Re_buf
    display.o(.text) refers to lcd_own.o(.text) for LCD_Fonts_Med
    display.o(.text) refers to lcd_drive.o(.text) for LCD_Clear
    display.o(.text) refers to display.o(.data) for _a
    display.o(.text) refers to lcd_drive.o(.data) for POINT_COLOR
    run.o(.text) refers to dflti.o(.text) for __aeabi_i2d
    run.o(.text) refers to ddiv.o(.text) for __aeabi_ddiv
    run.o(.text) refers to dmul.o(.text) for __aeabi_dmul
    run.o(.text) refers to d2f.o(.text) for __aeabi_d2f
    run.o(.text) refers to dadd.o(.text) for __aeabi_dadd
    run.o(.text) refers to datadefine.o(.bss) for Re_buf
    run.o(.text) refers to datadefine.o(.data) for sign
    run.o(.text) refers to sys.o(.text) for Delay_ms
    run.o(.text) refers to stm32f4xx_tim.o(.text) for TIM_ITConfig
    run.o(.text) refers to pid.o(.text) for PID_BP1Init
    run.o(.text) refers to usart.o(.text) for USART6_Config
    run.o(.text) refers to pwm.o(.text) for PWMx4_Init
    run.o(.text) refers to timcontrol.o(.text) for TIM7Line_Init
    run.o(.text) refers to printfa.o(i.__0sprintf) for __2sprintf
    run.o(.text) refers to lcd_own.o(.text) for LCD_ShowWord
[...]
    ..\\System\\FWLIB\\src\\stm32f4xx_dma.c  0x00000000   Number         0  stm32f4xx_dma.o ABSOLUTE
    ..\\System\\FWLIB\\src\\stm32f4xx_exti.c 0x00000000   Number         0  stm32f4xx_exti.o ABSOLUTE
    ..\\System\\FWLIB\\src\\stm32f4xx_fsmc.c 0x00000000   Number         0  stm32f4xx_fsmc.o ABSOLUTE
    ..\\System\\FWLIB\\src\\stm32f4xx_gpio.c 0x00000000   Number         0  stm32f4xx_gpio.o ABSOLUTE
    ..\\System\\FWLIB\\src\\stm32f4xx_rcc.c  0x00000000   Number         0  stm32f4xx_rcc.o ABSOLUTE
    ..\\System\\FWLIB\\src\\stm32f4xx_rtc.c  0x00000000   Number         0  stm32f4xx_rtc.o ABSOLUTE
    ..\\System\\FWLIB\\src\\stm32f4xx_tim.c  0x00000000   Number         0  stm32f4xx_tim.o ABSOLUTE
    ..\\System\\FWLIB\\src\\stm32f4xx_usart.c 0x00000000   Number         0  stm32f4xx_usart.o ABSOLUTE
    ..\\System\\Sys\\Sys.c                   0x00000000   Number         0  sys.o ABSOLUTE
    ..\\System\\Sys\\stm32f4xx_it.c          0x00000000   Number         0  stm32f4xx_it.o ABSOLUTE
    ..\\System\\Sys\\system_stm32f4xx.c      0x00000000   Number         0  system_stm32f4xx.o ABSOLUTE
    cdrcmple.s                               0x00000000   Number         0  cdrcmple.o ABSOLUTE
    dc.s                                     0x00000000   Number         0  dc.o ABSOLUTE
    handlers.s                               0x00000000   Number         0  handlers.o ABSOLUTE
    init.s                                   0x00000000   Number         0  init.o ABSOLUTE
    main.c                                   0x00000000   Number         0  main.o ABSOLUTE
    main.c                                   0x00000000   Number         0  main.o ABSOLUTE
    RESET                                    0x08000000   Section      392  startup_stm32f40_41xxx.o(RESET)
    .ARM.Collect$$$$00000000                 0x08000188   Section        0  entry.o(.ARM.Collect$$$$00000000)
    .ARM.Collect$$$$00000001                 0x08000188   Section        4  entry2.o(.ARM.Collect$$$$00000001)
    .ARM.Collect$$$$00000004                 0x0800018c   Section        4  entry5.o(.ARM.Collect$$$$00000004)
    .ARM.Collect$$$$00000008                 0x08000190   Section        0  entry7b.o(.ARM.Collect$$$$00000008)
    .ARM.Collect$$$$0000000A                 0x08000190   Section        0  entry8b.o(.ARM.Collect$$$$0000000A)
    .ARM.Collect$$$$0000000B                 0x08000190   Section        8  entry9a.o(.ARM.Collect$$$$0000000B)
    .ARM.Collect$$$$0000000D                 0x08000198   Section        0  entry10a.o(.ARM.Collect$$$$0000000D)
    .ARM.Collect$$$$0000000F                 0x08000198   Section        0  entry11a.o(.ARM.Collect$$$$0000000F)
    .ARM.Collect$$$$00002712                 0x08000198   Section        4  entry2.o(.ARM.Collect$$$$00002712)
    __lit__00000000                          0x08000198   Data           4  entry2.o(.ARM.Collect$$$$00002712)
    .text                                    0x0800019c   Section        0  main.o(.text)
    .text                                    0x080002b8   Section        0  usart.o(.text)
    .text                                    0x080004dc   Section        0  pwm.o(.text)
    .text                                    0x080005ec   Section        0  lcd_drive.o(.text)
    .text                                    0x08001c58   Section        0  timcontrol.o(.text)
    .text                                    0x08001dd4   Section        0  key.o(.text)
    .text                                    0x08002048   Section        0  lcd_own.o(.text)
    .text                                    0x0800286c   Section        0  pid.o(.text)
    .text                                    0x080033e0   Section        0  irq_cell.o(.text)
    .text                                    0x08003520   Section        0  display.o(.text)
    .text                                    0x08003e54   Section        0  run.o(.text)
    .text                                    0x08004e58   Section        0  stm32f4xx_it.o(.text)
    .text                                    0x08004e74   Section        0  system_stm32f4xx.o(.text)
    SetSysClock                              0x08004e75   Thumb Code   220  system_stm32f4xx.o(.text)
    .text                                    0x08005084   Section        0  sys.o(.text)
    .text                                    0x08005134   Section        0  stm32f4xx_rcc.o(.text)
    .text                                    0x08005790   Section        0  stm32f4xx_gpio.o(.text)
    .text                                    0x08005a24   Section        0  misc.o(.text)
    .text                                    0x08005b04   Section        0  stm32f4xx_tim.o(.text)
    TI4_Config                               0x080062a3   Thumb Code    80  stm32f4xx_tim.o(.text)
    TI3_Config                               0x08006305   Thumb Code    72  stm32f4xx_tim.o(.text)
    TI2_Config                               0x08006367   Thumb Code    90  stm32f4xx_tim.o(.text)
    TI1_Config                               0x080063d3   Thumb Code    58  stm32f4xx_tim.o(.text)
    .text                                    0x080067a8   Section        0  stm32f4xx_dma.o(.text)
    .text                                    0x08006b50   Section        0  stm32f4xx_usart.o(.text)
    .text                                    0x08006fa4   Section        0  stm32f4xx_fsmc.o(.text)
    .text                                    0x0800756c   Section        0  stm32f4xx_adc.o(.text)
    .text                                    0x080079d0   Section       36  startup_stm32f40_41xxx.o(.text)
    $v0                                      0x080079d0   Number         0  startup_stm32f40_41xxx.o(.text)
    .text                                    0x080079f4   Section        0  dadd.o(.text)
    .text                                    0x08007b42   Section        0  dmul.o(.text)
    .text                                    0x08007c26   Section        0  ddiv.o(.text)
    .text                                    0x08007d04   Section        0  dflti.o(.text)
    .text                                    0x08007d26   Section        0  dfltui.o(.text)
    .text                                    0x08007d40   Section        0  f2d.o(.text)
    .text                                    0x08007d66   Section        0  d2f.o(.text)
    .text                                    0x08007d9e   Section        0  uidiv.o(.text)
    .text                                    0x08007dca   Section        0  uldiv.o(.text)
    .text                                    0x08007e2c   Section        0  llshl.o(.text)
    .text                                    0x08007e4a   Section        0  llsshr.o(.text)
    .text                                    0x08007e6e   Section        0  fepilogue.o(.text)
    .text                                    0x08007e6e   Section        0  iusefp.o(.text)
    .text                                    0x08007edc   Section        0  depilogue.o(.text)
    .text                                    0x08007f96   Section        0  dfixul.o(.text)
    .text                                    0x08007fc8   Section       48  cdrcmple.o(.text)
    .text                                    0x08007ff8   Section       36  init.o(.text)
    .text                                    0x0800801c   Section        0  llushr.o(.text)
    .text                                    0x0800803c   Section        0  __dclz77c.o(.text)
    i.__0sprintf                             0x0800809c   Section        0  printfa.o(i.__0sprintf)
    i.__ARM_fpclassify                       0x080080c4   Section        0  fpclassify.o(i.__ARM_fpclassify)
    i.__hardfp_atan                          0x080080f8   Section        0  atan.o(i.__hardfp_atan)
    i.__hardfp_atan2                         0x080083d0   Section        0  atan2.o(i.__hardfp_atan2)
    i.__kernel_poly                          0x080085c0   Section        0  poly.o(i.__kernel_poly)
    i.__mathlib_dbl_infnan                   0x080086b8   Section        0  dunder.o(i.__mathlib_dbl_infnan)
    i.__mathlib_dbl_infnan2                  0x080086cc   Section        0  dunder.o(i.__mathlib_dbl_infnan2)
    i.__mathlib_dbl_underflow                0x080086e0   Section        0  dunder.o(i.__mathlib_dbl_underflow)
    i.__scatterload_copy                     0x08008700   Section       14  handlers.o(i.__scatterload_copy)
    i.__scatterload_null                     0x0800870e   Section        2  handlers.o(i.__scatterload_null)
    i.__scatterload_zeroinit                 0x08008710   Section       14  handlers.o(i.__scatterload_zeroinit)
    i._fp_digits                             0x08008720   Section        0  printfa.o(i._fp_digits)
    _fp_digits                               0x08008721   Thumb Code   334  printfa.o(i._fp_digits)
    i._printf_core                           0x08008884   Section        0  printfa.o(i._printf_core)
    _printf_core                             0x08008885   Thumb Code  1744  printfa.o(i._printf_core)
    i._printf_post_padding                   0x08008f60   Section        0  printfa.o(i._printf_post_padding)
    _printf_post_padding                     0x08008f61   Thumb Code    36  printfa.o(i._printf_post_padding)
    i._printf_pre_padding                    0x08008f84   Section        0  printfa.o(i._printf_pre_padding)
    _printf_pre_padding                      0x08008f85   Thumb Code    46  printfa.o(i._printf_pre_padding)
    i._sputc                                 0x08008fb2   Section        0  printfa.o(i._sputc)
    _sputc                                   0x08008fb3   Thumb Code    10  printfa.o(i._sputc)
    i.atan                                   0x08008fbc   Section        0  atan.o(i.atan)
    i.fabs                                   0x08008fcc   Section        0  fabs.o(i.fabs)
    .constdata                               0x08008fe4   Section       28  stm32f4xx_fsmc.o(.constdata)
    .constdata                               0x08009000   Section      152  atan.o(.constdata)
    atanhi                                   0x08009000   Data          32  atan.o(.constdata)
    atanlo                                   0x08009020   Data          32  atan.o(.constdata)
    aTodd                                    0x08009040   Data          40  atan.o(.constdata)
    aTeven                                   0x08009068   Data          48  atan.o(.constdata)
    .constdata                               0x08009098   Section        8  qnan.o(.constdata)
    .data                                    0x20000000   Section        4  dma.o(.data)
    .data                                    0x20000004   Section        8  usart.o(.data)
    .data                                    0x2000000c   Section        4  lcd_drive.o(.data)
    .data                                    0x20000010   Section     7529  key.o(.data)
    asc2_1206                                0x20000010   Data        1140  key.o(.data)
    asc2_1608                                0x20000484   Data        1520  key.o(.data)
    asc2_2412                                0x20000a74   Data        3420  key.o(.data)
    _a                                       0x200017d0   Data         792  key.o(.data)
    b                                        0x20001ae8   Data         144  key.o(.data)
    c                                        0x20001b78   Data         504  key.o(.data)
    .data                                    0x20001d79   Section     7520  lcd_own.o(.data)
    asc2_1206                                0x20001d79   Data        1140  lcd_own.o(.data)
    asc2_1608                                0x200021ed   Data        1520  lcd_own.o(.data)
    asc2_2412                                0x200027dd   Data        3420  lcd_own.o(.data)
    _a                                       0x20003539   Data         792  lcd_own.o(.data)
    b                                        0x20003851   Data         144  lcd_own.o(.data)
    c                                        0x200038e1   Data         504  lcd_own.o(.data)
    .data                                    0x20003adc   Section       28  pid.o(.data)
    .data                                    0x20003af8   Section     7528  irq_cell.o(.data)
    asc2_1206                                0x20003af8   Data        1140  irq_cell.o(.data)
    asc2_1608                                0x20003f6c   Data        1520  irq_cell.o(.data)
    asc2_2412                                0x2000455c   Data        3420  irq_cell.o(.data)
    _a                                       0x200052b8   Data         792  irq_cell.o(.data)
    b                                        0x200055d0   Data         144  irq_cell.o(.data)
    c                                        0x20005660   Data         504  irq_cell.o(.data)
    .data                                    0x20005860   Section     7521  display.o(.data)
    asc2_1206                                0x20005860   Data        1140  display.o(.data)
    asc2_1608                                0x20005cd4   Data        1520  display.o(.data)
    asc2_2412                                0x200062c4   Data        3420  display.o(.data)
    _a                                       0x20007020   Data         792  display.o(.data)
    b                                        0x20007338   Data         144  display.o(.data)
    c                                        0x200073c8   Data         504  display.o(.data)
    .data                                    0x200075c4   Section     7554  run.o(.data)
    asc2_1206                                0x200075c4   Data        1140  run.o(.data)
    asc2_1608                                0x20007a38   Data        1520  run.o(.data)
    asc2_2412                                0x20008028   Data        3420  run.o(.data)
    _a                                       0x20008d84   Data         792  run.o(.data)
    b                                        0x2000909c   Data         144  run.o(.data)
    c                                        0x2000912c   Data         504  run.o(.data)
    .data                                    0x20009348   Section       29  datadefine.o(.data)
    .data                                    0x20009368   Section       20  system_stm32f4xx.o(.data)
    .data                                    0x2000937c   Section        8  sys.o(.data)
    fac_us                                   0x2000937c   Data           2  sys.o(.data)
    fac_ms                                   0x20009380   Data           4  sys.o(.data)
    .data                                    0x20009384   Section       16  stm32f4xx_rcc.o(.data)
    APBAHBPrescTable                         0x20009384   Data          16  stm32f4xx_rcc.o(.data)
    .bss                                     0x20009394   Section      200  usart.o(.bss)
    .bss                                     0x2000945c   Section       14  lcd_drive.o(.bss)
    .bss                                     0x2000946c   Section       64  pid.o(.bss)
    pid                                      0x2000946c   Data          64  pid.o(.bss)
    .bss                                     0x200094ac   Section       75  irq_cell.o(.bss)
    pid                                      0x200094ac   Data          64  irq_cell.o(.bss)
    _Temp                                    0x200094ec   Data          11  irq_cell.o(.bss)
    .bss                                     0x200094f8   Section       64  run.o(.bss)
    pid                                      0x200094f8   Data          64  run.o(.bss)
    .bss                                     0x20009538   Section       60  datadefine.o(.bss)
    STACK                                    0x20009578   Section     1024  startup_stm32f40_41xxx.o(STACK)

    Global Symbols

    Symbol Name                              Value     Ov Type        Size  Object(Section)

    BuildAttributes$$THM_ISAv4$E$P$D$K$B$S$7EM$VFPi3$EXTD16$VFPS$VFMA$PE$A:L22UL41UL21$X:L11$S22US41US21$IEEE1$IW$USESV6$~STKCKD$USESV7$~SHL$OTIME$ROPI$IEEEX$EBA8$MICROLIB$REQ8$PRES8$EABIv2 0x00000000   Number         0  anon$$obj.o ABSOLUTE
    __ARM_use_no_argv                        0x00000000   Number         0  main.o ABSOLUTE
    __use_no_errno                           0x00000000   Number         0  useno.o ABSOLUTE
    __use_no_exception_handling              0x00000000   Number         0  useno.o ABSOLUTE
    __use_no_fp                              0x00000000   Number         0  useno.o ABSOLUTE
    __use_no_heap                            0x00000000   Number         0  useno.o ABSOLUTE
    __use_no_heap_region                     0x00000000   Number         0  useno.o ABSOLUTE
    __use_no_semihosting                     0x00000000   Number         0  useno.o ABSOLUTE
    __use_no_semihosting_swi                 0x00000000   Number         0  useno.o ABSOLUTE
    __use_no_signal_handling                 0x00000000   Number         0  useno.o ABSOLUTE
    _printf_a                                0x00000000   Number         0  stubs.o ABSOLUTE
    _printf_c                                0x00000000   Number         0  stubs.o ABSOLUTE
    _printf_charcount                        0x00000000   Number         0  stubs.o ABSOLUTE
    _printf_d                                0x00000000   Number         0  stubs.o ABSOLUTE
    _printf_e                                0x00000000   Number         0  stubs.o ABSOLUTE
    _printf_f                                0x00000000   Number         0  stubs.o ABSOLUTE
    _printf_flags                            0x00000000   Number         0  stubs.o ABSOLUTE
    _printf_fp_dec                           0x00000000   Number         0  stubs.o ABSOLUTE
    _printf_fp_hex                           0x00000000   Number         0  stubs.o ABSOLUTE
    _printf_g                                0x00000000   Number         0  stubs.o ABSOLUTE
    _printf_i                                0x00000000   Number         0  stubs.o ABSOLUTE
    _printf_int_dec                          0x00000000   Number         0  stubs.o ABSOLUTE
    _printf_l                                0x00000000   Number         0  stubs.o ABSOLUTE
    _printf_lc                               0x00000000   Number         0  stubs.o ABSOLUTE
    _printf_ll                               0x00000000   Number         0  stubs.o ABSOLUTE
    _printf_lld                              0x00000000   Number         0  stubs.o ABSOLUTE
    _printf_lli                              0x00000000   Number         0  stubs.o ABSOLUTE
    _printf_llo                              0x00000000   Number         0  stubs.o ABSOLUTE
    _printf_llu                              0x00000000   Number         0  stubs.o ABSOLUTE
    _printf_llx                              0x00000000   Number         0  stubs.o ABSOLUTE
    _printf_longlong_dec                     0x00000000   Number         0  stubs.o ABSOLUTE
    _printf_longlong_hex                     0x00000000   Number         0  stubs.o ABSOLUTE
    _printf_longlong_oct                     0x00000000   Number         0  stubs.o ABSOLUTE
    _printf_ls                               0x00000000   Number         0  stubs.o ABSOLUTE
    _printf_mbtowc                           0x00000000   Number         0  stubs.o ABSOLUTE
    _printf_n                                0x00000000   Number         0  stubs.o ABSOLUTE
    _printf_o                                0x00000000   Number         0  stubs.o ABSOLUTE
    _printf_p                                0x00000000   Number         0  stubs.o ABSOLUTE
    _printf_percent                          0x00000000   Number         0  stubs.o ABSOLUTE
    _printf_pre_padding                      0x00000000   Number         0  stubs.o ABSOLUTE
    _printf_return_value                     0x00000000   Number         0  stubs.o ABSOLUTE
    _printf_s                                0x00000000   Number         0  stubs.o ABSOLUTE
    _printf_sizespec                         0x00000000   Number         0  stubs.o ABSOLUTE
    _printf_str                              0x00000000   Number         0  stubs.o ABSOLUTE
    _printf_truncate_signed                  0x00000000   Number         0  stubs.o ABSOLUTE
    _printf_truncate_unsigned                0x00000000   Number         0  stubs.o ABSOLUTE
    _printf_u                                0x00000000   Number         0  stubs.o ABSOLUTE
    _printf_wc                               0x00000000   Number         0  stubs.o ABSOLUTE
    _printf_wctomb                           0x00000000   Number         0  stubs.o ABSOLUTE
    _printf_widthprec                        0x00000000   Number         0  stubs.o ABSOLUTE
    _printf_x                                0x00000000   Number         0  stubs.o ABSOLUTE
    __cpp_initialize__aeabi_                  - Undefined Weak Reference
    __cxa_finalize                            - Undefined Weak Reference
    _clock_init                               - Undefined Weak Reference
    _microlib_exit                            - Undefined Weak Reference
    __Vectors_Size                           0x00000188   Number         0  startup_stm32f40_41xxx.o ABSOLUTE
    __Vectors                                0x08000000   Data           4  startup_stm32f40_41xxx.o(RESET)
    __Vectors_End                            0x08000188   Data           0  startup_stm32f40_41xxx.o(RESET)
    __main                                   0x08000189   Thumb Code     0  entry.o(.ARM.Collect$$$$00000000)
    _main_stk                                0x08000189   Thumb Code     0  entry2.o(.ARM.Collect$$$$00000001)
    _main_scatterload                        0x0800018d   Thumb Code     0  entry5.o(.ARM.Collect$$$$00000004)
    __main_after_scatterload                 0x08000191   Thumb Code     0  entry5.o(.ARM.Collect$$$$00000004)
    _main_clock                              0x08000191   Thumb Code     0  entry7b.o(.ARM.Collect$$$$00000008)
    _main_cpp_init                           0x08000191   Thumb Code     0  entry8b.o(.ARM.Collect$$$$0000000A)
    _main_init                               0x08000191   Thumb Code     0  entry9a.o(.ARM.Collect$$$$0000000B)
    __rt_final_cpp                           0x08000199   Thumb Code     0  entry10a.o(.ARM.Collect$$$$0000000D)
    __rt_final_exit                          0x08000199   Thumb Code     0  entry11a.o(.ARM.Collect$$$$0000000F)
    main                                     0x0800019d   Thumb Code   260  main.o(.text)
    sys_exit                                 0x080002b9   Thumb Code     6  usart.o(.text)
    fputc                                    0x080002bf   Thumb Code    22  usart.o(.text)
    usart_Init                               0x080002d5   Thumb Code   174  usart.o(.text)
    USART6_Config                            0x08000383   Thumb Code   176  usart.o(.text)
    USART1_IRQHandler                        0x08000433   Thumb Code   140  usart.o(.text)
    PWMx4_Init                               0x080004dd   Thumb Code   262  pwm.o(.text)
    LCD_WR_REG                               0x080005ed   Thumb Code     8  lcd_drive.o(.text)
    LCD_WR_DATA                              0x080005f5   Thumb Code    10  lcd_drive.o(.text)
    LCD_RD_DATA                              0x080005ff   Thumb Code    16  lcd_drive.o(.text)
    LCD_WriteReg                             0x0800060f   Thumb Code    24  lcd_drive.o(.text)
    LCD_ReadReg                              0x08000627   Thumb Code    22  lcd_drive.o(.text)
    LCD_WriteRAM_Prepare                     0x0800063d   Thumb Code    10  lcd_drive.o(.text)
    LCD_WriteRAM                             0x08000647   Thumb Code     8  lcd_drive.o(.text)
    LCD_BGR2RGB                              0x0800064f   Thumb Code    26  lcd_drive.o(.text)
    opt_delay                                0x08000669   Thumb Code    14  lcd_drive.o(.text)
    LCD_SetCursor                            0x08000677   Thumb Code    72  lcd_drive.o(.text)
    LCD_ReadPoint                            0x080006bf   Thumb Code   128  lcd_drive.o(.text)
    LCD_DisplayOn                            0x0800073f   Thumb Code    12  lcd_drive.o(.text)
    LCD_DisplayOff                           0x0800074b   Thumb Code    12  lcd_drive.o(.text)
    LCD_Scan_Dir                             0x08000757   Thumb Code   310  lcd_drive.o(.text)
    LCD_DrawPoint                            0x0800088d   Thumb Code    30  lcd_drive.o(.text)
    LCD_Fast_DrawPoint                       0x080008ab   Thumb Code    88  lcd_drive.o(.text)
    LCD_Display_Dir                          0x08000903   Thumb Code    88  lcd_drive.o(.text)
    LCD_Set_Window                           0x0800095b   Thumb Code   170  lcd_drive.o(.text)
    LCD_Clear                                0x08000a05   Thumb Code    44  lcd_drive.o(.text)
    LCD_Init                                 0x08000a31   Thumb Code  4642  lcd_drive.o(.text)
    TIM5Line_Init                            0x08001c59   Thumb Code    90  timcontrol.o(.text)
    TIM7Line_Init                            0x08001cb3   Thumb Code    90  timcontrol.o(.text)
    TIM9Line_Init                            0x08001d0d   Thumb Code    90  timcontrol.o(.text)
    TIM11Line_Init                           0x08001d67   Thumb Code    92  timcontrol.o(.text)
    Key_Config                               0x08001dd5   Thumb Code   130  key.o(.text)
    Keyopt                                   0x08001e57   Thumb Code    78  key.o(.text)
    Fuction_choose                           0x08001ea5   Thumb Code   368  key.o(.text)
    LCD_Fill                                 0x08002049   Thumb Code    82  lcd_own.o(.text)
    LCD_Color_Fill                           0x0800209b   Thumb Code    92  lcd_own.o(.text)
    LCD_DrawLine                             0x080020f7   Thumb Code   176  lcd_own.o(.text)
    LCD_DrawRectangle                        0x080021a7   Thumb Code    64  lcd_own.o(.text)
    LCD_Draw_Circle                          0x080021e7   Thumb Code   152  lcd_own.o(.text)
    LCD_ShowChar                             0x0800227f   Thumb Code   272  lcd_own.o(.text)
    LCD_Pow                                  0x0800238f   Thumb Code    22  lcd_own.o(.text)
    LCD_ShowNum                              0x080023a5   Thumb Code   148  lcd_own.o(.text)
    LCD_ShowxNum                             0x08002439   Thumb Code   220  lcd_own.o(.text)
    LCD_ShowWord                             0x08002515   Thumb Code   136  lcd_own.o(.text)
    LCD_Location_Med                         0x0800259d   Thumb Code   312  lcd_own.o(.text)
    LCD_ShowFonts                            0x080026d5   Thumb Code   128  lcd_own.o(.text)
    LCD_Fonts_Med                            0x08002755   Thumb Code   266  lcd_own.o(.text)
    PID_BP1Init                              0x0800286d   Thumb Code   122  pid.o(.text)
    PID_BP2Init                              0x080028e7   Thumb Code   122  pid.o(.text)
    PID_BP3Init                              0x08002961   Thumb Code   128  pid.o(.text)
    PID_BP4Init                              0x080029e1   Thumb Code   128  pid.o(.text)
    PID_IF1Init                              0x08002a61   Thumb Code   120  pid.o(.text)
    PID_del1                                 0x08002ad9   Thumb Code   598  pid.o(.text)
    PID_del2                                 0x08002d2f   Thumb Code   276  pid.o(.text)
    Wind_drive_YStop                         0x08002e43   Thumb Code   170  pid.o(.text)
    Wind_drive_XStop                         0x08002eed   Thumb Code   202  pid.o(.text)
    Wind_drive_YGoal                         0x08002fb7   Thumb Code   170  pid.o(.text)
    Wind_drive_YGoal2                        0x08003061   Thumb Code   198  pid.o(.text)
    Wind_drive_YGoalBF3_0                    0x08003127   Thumb Code   162  pid.o(.text)
    Wind_drive_YGoalBF3_1                    0x080031c9   Thumb Code   162  pid.o(.text)
    Wind_drive_XGoal                         0x0800326b   Thumb Code   176  pid.o(.text)
    Wind_drive_XGoal2                        0x0800331b   Thumb Code   176  pid.o(.text)
    TIM7_IRQHandler                          0x080033e1   Thumb Code    36  irq_cell.o(.text)
    TIM1_BRK_TIM9_IRQHandler                 0x08003405   Thumb Code    20  irq_cell.o(.text)
    TIM5_IRQHandler                          0x08003419   Thumb Code    20  irq_cell.o(.text)
    DMA2_Stream0_IRQHandler                  0x0800342d   Thumb Code    90  irq_cell.o(.text)
    USART6_IRQHandler                        0x08003487   Thumb Code    98  irq_cell.o(.text)
    First_Show                               0x08003521   Thumb Code    40  display.o(.text)
    Second_Show                              0x08003549   Thumb Code   216  display.o(.text)
    MEMU_Show                                0x08003621   Thumb Code   108  display.o(.text)
    BF1_Show                                 0x0800368d   Thumb Code   154  display.o(.text)
    BF2_Show                                 0x08003727   Thumb Code   172  display.o(.text)
    BF3_Show                                 0x080037d3   Thumb Code   156  display.o(.text)
    BF4_Show                                 0x0800386f   Thumb Code   874  display.o(.text)
    IF1_Show                                 0x08003bd9   Thumb Code   186  display.o(.text)
    IF2_Show                                 0x08003c93   Thumb Code   186  display.o(.text)
    IF3_Show                                 0x08003d4d   Thumb Code    52  display.o(.text)
    IF4_Show                                 0x08003d81   Thumb Code    52  display.o(.text)
    MPU6050_data                             0x08003e55   Thumb Code   938  run.o(.text)
    Err_Deal                                 0x080041ff   Thumb Code   280  run.o(.text)
    BF1_Init                                 0x08004317   Thumb Code    54  run.o(.text)
    Up_Mode                                  0x0800434d   Thumb Code    22  run.o(.text)
    Mode_BF1                                 0x08004363   Thumb Code   124  run.o(.text)
    BF1_End                                  0x080043df   Thumb Code    38  run.o(.text)
    Base1                                    0x08004405   Thumb Code    26  run.o(.text)
    Input2                                   0x0800441f   Thumb Code   170  run.o(.text)
    BF2_Init                                 0x080044c9   Thumb Code   420  run.o(.text)
    Mode_BF2                                 0x0800466d   Thumb Code    38  run.o(.text)
    BF2_End                                  0x08004693   Thumb Code   134  run.o(.text)
    Base2                                    0x08004719   Thumb Code    26  run.o(.text)
    Input3                                   0x08004733   Thumb Code   234  run.o(.text)
    BF3_Init                                 0x0800481d   Thumb Code   214  run.o(.text)
    Mode_BF3                                 0x080048f3   Thumb Code   296  run.o(.text)
    BF3_End                                  0x08004a1b   Thumb Code    32  run.o(.text)
    Base3                                    0x08004a3b   Thumb Code    26  run.o(.text)
    BF4_Init                                 0x08004a55   Thumb Code    48  run.o(.text)
    Mode_BF4                                 0x08004a85   Thumb Code   272  run.o(.text)
    BF4_End                                  0x08004b95   Thumb Code    32  run.o(.text)
    Base4                                    0x08004bb5   Thumb Code    26  run.o(.text)
    Input4                                   0x08004bcf   Thumb Code   180  run.o(.text)
    IF1_Init                                 0x08004c83   Thumb Code   238  run.o(.text)
    Mode_IF1                                 0x08004d71   Thumb Code   112  run.o(.text)
    IF1_End                                  0x08004de1   Thumb Code    32  run.o(.text)
    Improve                                  0x08004e01   Thumb Code    26  run.o(.text)
    NMI_Handler                              0x08004e59   Thumb Code     2  stm32f4xx_it.o(.text)
    HardFault_Handler                        0x08004e5b   Thumb Code     4  stm32f4xx_it.o(.text)
    MemManage_Handler                        0x08004e5f   Thumb Code     4  stm32f4xx_it.o(.text)
    BusFault_Handler                         0x08004e63   Thumb Code     4  stm32f4xx_it.o(.text)
    UsageFault_Handler                       0x08004e67   Thumb Code     4  stm32f4xx_it.o(.text)
    SVC_Handler                              0x08004e6b   Thumb Code     2  stm32f4xx_it.o(.text)
    DebugMon_Handler                         0x08004e6d   Thumb Code     2  stm32f4xx_it.o(.text)
    PendSV_Handler                           0x08004e6f   Thumb Code     2  stm32f4xx_it.o(.text)
    SysTick_Handler                          0x08004e71   Thumb Code     2  stm32f4xx_it.o(.text)
    SystemInit                               0x08004f51   Thumb Code    88  system_stm32f4xx.o(.text)
    SystemCoreClockUpdate                    0x08004fa9   Thumb Code   174  system_stm32f4xx.o(.text)
    SysTick_Init                             0x08005085   Thumb Code    42  sys.o(.text)
    Delay_us                                 0x080050af   Thumb Code    58  sys.o(.text)
    Delay_ms                                 0x080050e9   Thumb Code    60  sys.o(.text)
    RCC_DeInit                               0x08005135   Thumb Code    82  stm32f4xx_rcc.o(.text)
    RCC_HSEConfig                            0x08005187   Thumb Code    14  stm32f4xx_rcc.o(.text)
    RCC_GetFlagStatus                        0x08005195   Thumb Code    60  stm32f4xx_rcc.o(.text)
    RCC_WaitForHSEStartUp                    0x080051d1   Thumb Code    56  stm32f4xx_rcc.o(.text)
    RCC_AdjustHSICalibrationValue            0x08005209   Thumb Code    20  stm32f4xx_rcc.o(.text)
    RCC_HSICmd                               0x0800521d   Thumb Code     6  stm32f4xx_rcc.o(.text)
    RCC_LSEConfig                            0x08005223   Thumb Code    46  stm32f4xx_rcc.o(.text)
    RCC_LSICmd                               0x08005251   Thumb Code     6  stm32f4xx_rcc.o(.text)
    RCC_PLLConfig                            0x08005257   Thumb Code    32  stm32f4xx_rcc.o(.text)
    RCC_PLLCmd                               0x08005277   Thumb Code     6  stm32f4xx_rcc.o(.text)
    RCC_PLLI2SConfig                         0x0800527d   Thumb Code    14  stm32f4xx_rcc.o(.text)
    RCC_PLLI2SCmd                            0x0800528b   Thumb Code     6  stm32f4xx_rcc.o(.text)
    RCC_PLLSAIConfig                         0x08005291   Thumb Code    20  stm32f4xx_rcc.o(.text)
    RCC_PLLSAICmd                            0x080052a5   Thumb Code     6  stm32f4xx_rcc.o(.text)
    RCC_ClockSecuritySystemCmd               0x080052ab   Thumb Code     6  stm32f4xx_rcc.o(.text)
    RCC_MCO1Config                           0x080052b1   Thumb Code    28  stm32f4xx_rcc.o(.text)
    RCC_MCO2Config                           0x080052cd   Thumb Code    28  stm32f4xx_rcc.o(.text)
    RCC_SYSCLKConfig                         0x080052e9   Thumb Code    20  stm32f4xx_rcc.o(.text)
    RCC_GetSYSCLKSource                      0x080052fd   Thumb Code    12  stm32f4xx_rcc.o(.text)
    RCC_HCLKConfig                           0x08005309   Thumb Code    20  stm32f4xx_rcc.o(.text)
    RCC_PCLK1Config                          0x0800531d   Thumb Code    20  stm32f4xx_rcc.o(.text)
    RCC_PCLK2Config                          0x08005331   Thumb Code    22  stm32f4xx_rcc.o(.text)
    RCC_GetClocksFreq                        0x08005347   Thumb Code   222  stm32f4xx_rcc.o(.text)
    RCC_RTCCLKConfig                         0x08005425   Thumb Code    54  stm32f4xx_rcc.o(.text)
    RCC_RTCCLKCmd                            0x0800545b   Thumb Code     8  stm32f4xx_rcc.o(.text)
    RCC_BackupResetCmd                       0x08005463   Thumb Code     8  stm32f4xx_rcc.o(.text)
    RCC_I2SCLKConfig                         0x0800546b   Thumb Code     6  stm32f4xx_rcc.o(.text)
    RCC_SAIPLLI2SClkDivConfig                0x08005471   Thumb Code    26  stm32f4xx_rcc.o(.text)
    RCC_SAIPLLSAIClkDivConfig                0x0800548b   Thumb Code    28  stm32f4xx_rcc.o(.text)
    RCC_SAIBlockACLKConfig                   0x080054a7   Thumb Code    20  stm32f4xx_rcc.o(.text)
    RCC_SAIBlockBCLKConfig                   0x080054bb   Thumb Code    20  stm32f4xx_rcc.o(.text)
    RCC_LTDCCLKDivConfig                     0x080054cf   Thumb Code    20  stm32f4xx_rcc.o(.text)
    RCC_TIMCLKPresConfig                     0x080054e3   Thumb Code     6  stm32f4xx_rcc.o(.text)
    RCC_AHB1PeriphClockCmd                   0x080054e9   Thumb Code    34  stm32f4xx_rcc.o(.text)
    RCC_AHB2PeriphClockCmd                   0x0800550b   Thumb Code    78  stm32f4xx_rcc.o(.text)
    RCC_AHB3PeriphClockCmd                   0x08005559   Thumb Code    34  stm32f4xx_rcc.o(.text)
    RCC_APB1PeriphClockCmd                   0x0800557b   Thumb Code    34  stm32f4xx_rcc.o(.text)
    RCC_APB2PeriphClockCmd                   0x0800559d   Thumb Code    34  stm32f4xx_rcc.o(.text)
    RCC_AHB1PeriphResetCmd                   0x080055bf   Thumb Code    34  stm32f4xx_rcc.o(.text)
    RCC_AHB2PeriphResetCmd                   0x080055e1   Thumb Code    34  stm32f4xx_rcc.o(.text)
    RCC_AHB3PeriphResetCmd                   0x08005603   Thumb Code    34  stm32f4xx_rcc.o(.text)
    RCC_APB1PeriphResetCmd                   0x08005625   Thumb Code    34  stm32f4xx_rcc.o(.text)
    RCC_APB2PeriphResetCmd                   0x08005647   Thumb Code    34  stm32f4xx_rcc.o(.text)
    RCC_AHB1PeriphClockLPModeCmd             0x08005669   Thumb Code    34  stm32f4xx_rcc.o(.text)
    RCC_AHB2PeriphClockLPModeCmd             0x0800568b   Thumb Code    34  stm32f4xx_rcc.o(.text)
    RCC_AHB3PeriphClockLPModeCmd             0x080056ad   Thumb Code    34  stm32f4xx_rcc.o(.text)
    RCC_APB1PeriphClockLPModeCmd             0x080056cf   Thumb Code    34  stm32f4xx_rcc.o(.text)
    RCC_APB2PeriphClockLPModeCmd             0x080056f1   Thumb Code    34  stm32f4xx_rcc.o(.text)
    RCC_LSEModeConfig                        0x08005713   Thumb Code    40  stm32f4xx_rcc.o(.text)
    RCC_ITConfig                             0x0800573b   Thumb Code    34  stm32f4xx_rcc.o(.text)
    RCC_ClearFlag                            0x0800575d   Thumb Code    18  stm32f4xx_rcc.o(.text)
    RCC_GetITStatus                          0x0800576f   Thumb Code    22  stm32f4xx_rcc.o(.text)
    RCC_ClearITPendingBit                    0x08005785   Thumb Code     8  stm32f4xx_rcc.o(.text)
    GPIO_DeInit                              0x08005791   Thumb Code   268  stm32f4xx_gpio.o(.text)
    GPIO_Init                                0x0800589d   Thumb Code   144  stm32f4xx_gpio.o(.text)
    GPIO_StructInit                          0x0800592d   Thumb Code    18  stm32f4xx_gpio.o(.text)
    GPIO_PinLockConfig                       0x0800593f   Thumb Code    34  stm32f4xx_gpio.o(.text)
    GPIO_ReadInputDataBit                    0x08005961   Thumb Code    18  stm32f4xx_gpio.o(.text)
    GPIO_ReadInputData                       0x08005973   Thumb Code     8  stm32f4xx_gpio.o(.text)
    GPIO_ReadOutputDataBit                   0x0800597b   Thumb Code    18  stm32f4xx_gpio.o(.text)
    GPIO_ReadOutputData                      0x0800598d   Thumb Code     8  stm32f4xx_gpio.o(.text)
    GPIO_SetBits                             0x08005995   Thumb Code     4  stm32f4xx_gpio.o(.text)
    GPIO_ResetBits                           0x08005999   Thumb Code     4  stm32f4xx_gpio.o(.text)
    GPIO_WriteBit                            0x0800599d   Thumb Code    10  stm32f4xx_gpio.o(.text)
    GPIO_Write                               0x080059a7   Thumb Code     4  stm32f4xx_gpio.o(.text)
    GPIO_ToggleBits                          0x080059ab   Thumb Code     8  stm32f4xx_gpio.o(.text)
    GPIO_PinAFConfig                         0x080059b3   Thumb Code    70  stm32f4xx_gpio.o(.text)
    NVIC_PriorityGroupConfig                 0x08005a25   Thumb Code    10  misc.o(.text)
    NVIC_Init                                0x08005a2f   Thumb Code   106  misc.o(.text)
    NVIC_SetVectorTable                      0x08005a99   Thumb Code    14  misc.o(.text)
    NVIC_SystemLPConfig                      0x08005aa7   Thumb Code    34  misc.o(.text)
    SysTick_CLKSourceConfig                  0x08005ac9   Thumb Code    40  misc.o(.text)
    TIM_DeInit                               0x08005b05   Thumb Code   346  stm32f4xx_tim.o(.text)
    TIM_TimeBaseInit                         0x08005c5f   Thumb Code   104  stm32f4xx_tim.o(.text)
    TIM_TimeBaseStructInit                   0x08005cc7   Thumb Code    18  stm32f4xx_tim.o(.text)
    TIM_PrescalerConfig                      0x08005cd9   Thumb Code     6  stm32f4xx_tim.o(.text)
    TIM_CounterModeConfig                    0x08005cdf   Thumb Code    18  stm32f4xx_tim.o(.text)
    TIM_SetCounter                           0x08005cf1   Thumb Code     4  stm32f4xx_tim.o(.text)
    TIM_SetAutoreload                        0x08005cf5   Thumb Code     4  stm32f4xx_tim.o(.text)
    TIM_GetCounter                           0x08005cf9   Thumb Code     6  stm32f4xx_tim.o(.text)
    TIM_GetPrescaler                         0x08005cff   Thumb Code     6  stm32f4xx_tim.o(.text)
    TIM_UpdateDisableConfig                  0x08005d05   Thumb Code    24  stm32f4xx_tim.o(.text)
    TIM_UpdateRequestConfig                  0x08005d1d   Thumb Code    24  stm32f4xx_tim.o(.text)
    TIM_ARRPreloadConfig                     0x08005d35   Thumb Code    24  stm32f4xx_tim.o(.text)
    TIM_SelectOnePulseMode                   0x08005d4d   Thumb Code    18  stm32f4xx_tim.o(.text)
    TIM_SetClockDivision                     0x08005d5f   Thumb Code    18  stm32f4xx_tim.o(.text)
    TIM_Cmd                                  0x08005d71   Thumb Code    24  stm32f4xx_tim.o(.text)
    TIM_OC1Init                              0x08005d89   Thumb Code   114  stm32f4xx_tim.o(.text)
    TIM_OC2Init                              0x08005dfb   Thumb Code   154  stm32f4xx_tim.o(.text)
    TIM_OC3Init                              0x08005e95   Thumb Code   204  stm32f4xx_tim.o(.text)
    TIM_OC4Init                              0x08005f61   Thumb Code   112  stm32f4xx_tim.o(.text)
    TIM_OCStructInit                         0x08005fd1   Thumb Code    20  stm32f4xx_tim.o(.text)
    TIM_SelectOCxM                           0x08005fe5   Thumb Code    86  stm32f4xx_tim.o(.text)
    TIM_SetCompare1                          0x0800603b   Thumb Code     4  stm32f4xx_tim.o(.text)
    TIM_SetCompare2                          0x0800603f   Thumb Code     4  stm32f4xx_tim.o(.text)
    TIM_SetCompare3                          0x08006043   Thumb Code     4  stm32f4xx_tim.o(.text)
    TIM_SetCompare4                          0x08006047   Thumb Code     4  stm32f4xx_tim.o(.text)
    TIM_ForcedOC1Config                      0x0800604b   Thumb Code    18  stm32f4xx_tim.o(.text)
    TIM_ForcedOC2Config                      0x0800605d   Thumb Code    26  stm32f4xx_tim.o(.text)
    TIM_ForcedOC3Config                      0x08006077   Thumb Code    18  stm32f4xx_tim.o(.text)
    TIM_ForcedOC4Config                      0x08006089   Thumb Code    26  stm32f4xx_tim.o(.text)
    TIM_OC1PreloadConfig                     0x080060a3   Thumb Code    18  stm32f4xx_tim.o(.text)
    TIM_OC2PreloadConfig                     0x080060b5   Thumb Code    26  stm32f4xx_tim.o(.text)
    TIM_OC3PreloadConfig                     0x080060cf   Thumb Code    18  stm32f4xx_tim.o(.text)
    TIM_OC4PreloadConfig                     0x080060e1   Thumb Code    26  stm32f4xx_tim.o(.text)
    TIM_OC1FastConfig                        0x080060fb   Thumb Code    18  stm32f4xx_tim.o(.text)
    TIM_OC2FastConfig                        0x0800610d   Thumb Code    26  stm32f4xx_tim.o(.text)
    TIM_OC3FastConfig                        0x08006127   Thumb Code    18  stm32f4xx_tim.o(.text)
    TIM_OC4FastConfig                        0x08006139   Thumb Code    26  stm32f4xx_tim.o(.text)
    TIM_ClearOC1Ref                          0x08006153   Thumb Code    18  stm32f4xx_tim.o(.text)
    TIM_ClearOC2Ref                          0x08006165   Thumb Code    24  stm32f4xx_tim.o(.text)
    TIM_ClearOC3Ref                          0x0800617d   Thumb Code    18  stm32f4xx_tim.o(.text)
    TIM_ClearOC4Ref                          0x0800618f   Thumb Code    24  stm32f4xx_tim.o(.text)
    TIM_OC1PolarityConfig                    0x080061a7   Thumb Code    18  stm32f4xx_tim.o(.text)
    TIM_OC1NPolarityConfig                   0x080061b9   Thumb Code    18  stm32f4xx_tim.o(.text)
    TIM_OC2PolarityConfig                    0x080061cb   Thumb Code    26  stm32f4xx_tim.o(.text)
    TIM_OC2NPolarityConfig                   0x080061e5   Thumb Code    26  stm32f4xx_tim.o(.text)
    TIM_OC3PolarityConfig                    0x080061ff   Thumb Code    26  stm32f4xx_tim.o(.text)
    TIM_OC3NPolarityConfig                   0x08006219   Thumb Code    26  stm32f4xx_tim.o(.text)
    TIM_OC4PolarityConfig                    0x08006233   Thumb Code    26  stm32f4xx_tim.o(.text)
    TIM_CCxCmd                               0x0800624d   Thumb Code    30  stm32f4xx_tim.o(.text)
    TIM_CCxNCmd                              0x0800626b   Thumb Code    30  stm32f4xx_tim.o(.text)
    TIM_SetIC4Prescaler                      0x08006289   Thumb Code    26  stm32f4xx_tim.o(.text)
    TIM_SetIC3Prescaler                      0x080062f3   Thumb Code    18  stm32f4xx_tim.o(.text)
    TIM_SetIC2Prescaler                      0x0800634d   Thumb Code    26  stm32f4xx_tim.o(.text)
    TIM_SetIC1Prescaler                      0x080063c1   Thumb Code    18  stm32f4xx_tim.o(.text)
    TIM_ICInit                               0x0800640d   Thumb Code   110  stm32f4xx_tim.o(.text)
    TIM_ICStructInit                         0x0800647b   Thumb Code    18  stm32f4xx_tim.o(.text)
    TIM_PWMIConfig                           0x0800648d   Thumb Code   124  stm32f4xx_tim.o(.text)
    TIM_GetCapture1                          0x08006509   Thumb Code     6  stm32f4xx_tim.o(.text)
    TIM_GetCapture2                          0x0800650f   Thumb Code     6  stm32f4xx_tim.o(.text)
    TIM_GetCapture3                          0x08006515   Thumb Code     6  stm32f4xx_tim.o(.text)
    TIM_GetCapture4                          0x0800651b   Thumb Code     6  stm32f4xx_tim.o(.text)
    TIM_BDTRConfig                           0x08006521   Thumb Code    32  stm32f4xx_tim.o(.text)
    TIM_BDTRStructInit                       0x08006541   Thumb Code    18  stm32f4xx_tim.o(.text)
    TIM_CtrlPWMOutputs                       0x08006553   Thumb Code    30  stm32f4xx_tim.o(.text)
    TIM_SelectCOM                            0x08006571   Thumb Code    24  stm32f4xx_tim.o(.text)
    TIM_CCPreloadControl                     0x08006589   Thumb Code    24  stm32f4xx_tim.o(.text)
    TIM_ITConfig                             0x080065a1   Thumb Code    18  stm32f4xx_tim.o(.text)
    TIM_GenerateEvent                        0x080065b3   Thumb Code     4  stm32f4xx_tim.o(.text)
    TIM_GetFlagStatus                        0x080065b7   Thumb Code    18  stm32f4xx_tim.o(.text)
    TIM_ClearFlag                            0x080065c9   Thumb Code     6  stm32f4xx_tim.o(.text)
    TIM_GetITStatus                          0x080065cf   Thumb Code    34  stm32f4xx_tim.o(.text)
    TIM_ClearITPendingBit                    0x080065f1   Thumb Code     6  stm32f4xx_tim.o(.text)
    TIM_DMAConfig                            0x080065f7   Thumb Code    10  stm32f4xx_tim.o(.text)
    TIM_DMACmd                               0x08006601   Thumb Code    18  stm32f4xx_tim.o(.text)
    TIM_SelectCCDMA                          0x08006613   Thumb Code    24  stm32f4xx_tim.o(.text)
    TIM_InternalClockConfig                  0x0800662b   Thumb Code    12  stm32f4xx_tim.o(.text)
    TIM_SelectInputTrigger                   0x08006637   Thumb Code    18  stm32f4xx_tim.o(.text)
    TIM_ITRxExternalClockConfig              0x08006649   Thumb Code    24  stm32f4xx_tim.o(.text)
    TIM_TIxExternalClockConfig               0x08006661   Thumb Code    62  stm32f4xx_tim.o(.text)
    TIM_ETRConfig                            0x0800669f   Thumb Code    28  stm32f4xx_tim.o(.text)
    TIM_ETRClockMode1Config                  0x080066bb   Thumb Code    54  stm32f4xx_tim.o(.text)
    TIM_ETRClockMode2Config                  0x080066f1   Thumb Code    32  stm32f4xx_tim.o(.text)
    TIM_SelectOutputTrigger                  0x08006711   Thumb Code    18  stm32f4xx_tim.o(.text)
    TIM_SelectSlaveMode                      0x08006723   Thumb Code    18  stm32f4xx_tim.o(.text)
    TIM_SelectMasterSlaveMode                0x08006735   Thumb Code    18  stm32f4xx_tim.o(.text)
    TIM_EncoderInterfaceConfig               0x08006747   Thumb Code    66  stm32f4xx_tim.o(.text)
    TIM_SelectHallSensor                     0x08006789   Thumb Code    24  stm32f4xx_tim.o(.text)
    TIM_RemapConfig                          0x080067a1   Thumb Code     6  stm32f4xx_tim.o(.text)
    DMA_DeInit                               0x080067a9   Thumb Code   324  stm32f4xx_dma.o(.text)
    DMA_Init                                 0x080068ed   Thumb Code    82  stm32f4xx_dma.o(.text)
    DMA_StructInit                           0x0800693f   Thumb Code    34  stm32f4xx_dma.o(.text)
    DMA_Cmd                                  0x08006961   Thumb Code    22  stm32f4xx_dma.o(.text)
    DMA_PeriphIncOffsetSizeConfig            0x08006977   Thumb Code    22  stm32f4xx_dma.o(.text)
    DMA_FlowControllerConfig                 0x0800698d   Thumb Code    22  stm32f4xx_dma.o(.text)
    DMA_SetCurrDataCounter                   0x080069a3   Thumb Code     4  stm32f4xx_dma.o(.text)
    DMA_GetCurrDataCounter                   0x080069a7   Thumb Code     8  stm32f4xx_dma.o(.text)
    DMA_DoubleBufferModeConfig               0x080069af   Thumb Code    24  stm32f4xx_dma.o(.text)
    DMA_DoubleBufferModeCmd                  0x080069c7   Thumb Code    22  stm32f4xx_dma.o(.text)
    DMA_MemoryTargetConfig                   0x080069dd   Thumb Code    10  stm32f4xx_dma.o(.text)
    DMA_GetCurrentMemoryTarget               0x080069e7   Thumb Code    20  stm32f4xx_dma.o(.text)
    DMA_GetCmdStatus                         0x080069fb   Thumb Code    20  stm32f4xx_dma.o(.text)
    DMA_GetFIFOStatus                        0x08006a0f   Thumb Code    12  stm32f4xx_dma.o(.text)
    DMA_GetFlagStatus                        0x08006a1b   Thumb Code    56  stm32f4xx_dma.o(.text)
    DMA_ClearFlag                            0x08006a53   Thumb Code    40  stm32f4xx_dma.o(.text)
    DMA_ITConfig                             0x08006a7b   Thumb Code    58  stm32f4xx_dma.o(.text)
    DMA_GetITStatus                          0x08006ab5   Thumb Code    84  stm32f4xx_dma.o(.text)
    DMA_ClearITPendingBit                    0x08006b09   Thumb Code    40  stm32f4xx_dma.o(.text)
    USART_DeInit                             0x08006b51   Thumb Code   206  stm32f4xx_usart.o(.text)
    USART_Init                               0x08006c1f   Thumb Code   204  stm32f4xx_usart.o(.text)
    USART_StructInit                         0x08006ceb   Thumb Code    24  stm32f4xx_usart.o(.text)
    USART_ClockInit                          0x08006d03   Thumb Code    32  stm32f4xx_usart.o(.text)
    USART_ClockStructInit                    0x08006d23   Thumb Code    12  stm32f4xx_usart.o(.text)
    USART_Cmd                                0x08006d2f   Thumb Code    24  stm32f4xx_usart.o(.text)
    USART_SetPrescaler                       0x08006d47   Thumb Code    16  stm32f4xx_usart.o(.text)
    USART_OverSampling8Cmd                   0x08006d57   Thumb Code    22  stm32f4xx_usart.o(.text)
    USART_OneBitMethodCmd                    0x08006d6d   Thumb Code    24  stm32f4xx_usart.o(.text)
    USART_SendData                           0x08006d85   Thumb Code     8  stm32f4xx_usart.o(.text)
    USART_ReceiveData                        0x08006d8d   Thumb Code    10  stm32f4xx_usart.o(.text)
    USART_SetAddress                         0x08006d97   Thumb Code    18  stm32f4xx_usart.o(.text)
    USART_ReceiverWakeUpCmd                  0x08006da9   Thumb Code    24  stm32f4xx_usart.o(.text)
    USART_WakeUpConfig                       0x08006dc1   Thumb Code    18  stm32f4xx_usart.o(.text)
    USART_LINBreakDetectLengthConfig         0x08006dd3   Thumb Code    18  stm32f4xx_usart.o(.text)
    USART_LINCmd                             0x08006de5   Thumb Code    24  stm32f4xx_usart.o(.text)
    USART_SendBreak                          0x08006dfd   Thumb Code    10  stm32f4xx_usart.o(.text)
    USART_HalfDuplexCmd                      0x08006e07   Thumb Code    24  stm32f4xx_usart.o(.text)
    USART_SetGuardTime                       0x08006e1f   Thumb Code    16  stm32f4xx_usart.o(.text)
    USART_SmartCardCmd                       0x08006e2f   Thumb Code    24  stm32f4xx_usart.o(.text)
    USART_SmartCardNACKCmd                   0x08006e47   Thumb Code    24  stm32f4xx_usart.o(.text)
    USART_IrDAConfig                         0x08006e5f   Thumb Code    18  stm32f4xx_usart.o(.text)
    USART_IrDACmd                            0x08006e71   Thumb Code    24  stm32f4xx_usart.o(.text)
    USART_DMACmd                             0x08006e89   Thumb Code    18  stm32f4xx_usart.o(.text)
    USART_ITConfig                           0x08006e9b   Thumb Code    74  stm32f4xx_usart.o(.text)
    USART_GetFlagStatus                      0x08006ee5   Thumb Code    26  stm32f4xx_usart.o(.text)
    USART_ClearFlag                          0x08006eff   Thumb Code    18  stm32f4xx_usart.o(.text)
    USART_GetITStatus                        0x08006f11   Thumb Code   118  stm32f4xx_usart.o(.text)
    USART_ClearITPendingBit                  0x08006f87   Thumb Code    30  stm32f4xx_usart.o(.text)
    FSMC_NORSRAMDeInit                       0x08006fa5   Thumb Code    54  stm32f4xx_fsmc.o(.text)
    FSMC_NORSRAMInit                         0x08006fdb   Thumb Code   230  stm32f4xx_fsmc.o(.text)
    FSMC_NORSRAMStructInit                   0x080070c1   Thumb Code    48  stm32f4xx_fsmc.o(.text)
    FSMC_NORSRAMCmd                          0x080070f1   Thumb Code    46  stm32f4xx_fsmc.o(.text)
    FSMC_NANDDeInit                          0x0800711f   Thumb Code    62  stm32f4xx_fsmc.o(.text)
    FSMC_NANDInit                            0x0800715d   Thumb Code   132  stm32f4xx_fsmc.o(.text)
    FSMC_NANDStructInit                      0x080071e1   Thumb Code    54  stm32f4xx_fsmc.o(.text)
    FSMC_NANDCmd                             0x08007217   Thumb Code    86  stm32f4xx_fsmc.o(.text)
    FSMC_NANDECCCmd                          0x0800726d   Thumb Code    86  stm32f4xx_fsmc.o(.text)
    FSMC_GetECC                              0x080072c3   Thumb Code    24  stm32f4xx_fsmc.o(.text)
    FSMC_PCCARDDeInit                        0x080072db   Thumb Code    36  stm32f4xx_fsmc.o(.text)
    FSMC_PCCARDInit                          0x080072ff   Thumb Code   130  stm32f4xx_fsmc.o(.text)
    FSMC_PCCARDStructInit                    0x08007381   Thumb Code    60  stm32f4xx_fsmc.o(.text)
    FSMC_PCCARDCmd                           0x080073bd   Thumb Code    44  stm32f4xx_fsmc.o(.text)
    FSMC_ITConfig                            0x080073e9   Thumb Code   128  stm32f4xx_fsmc.o(.text)
    FSMC_GetFlagStatus                       0x08007469   Thumb Code    54  stm32f4xx_fsmc.o(.text)
    FSMC_ClearFlag                           0x0800749f   Thumb Code    74  stm32f4xx_fsmc.o(.text)
    FSMC_GetITStatus                         0x080074e9   Thumb Code    62  stm32f4xx_fsmc.o(.text)
    FSMC_ClearITPendingBit                   0x08007527   Thumb Code    66  stm32f4xx_fsmc.o(.text)
    ADC_DeInit                               0x0800756d   Thumb Code    22  stm32f4xx_adc.o(.text)
    ADC_Init                                 0x08007583   Thumb Code    74  stm32f4xx_adc.o(.text)
    ADC_StructInit                           0x080075cd   Thumb Code    20  stm32f4xx_adc.o(.text)
    ADC_CommonInit                           0x080075e1   Thumb Code    34  stm32f4xx_adc.o(.text)
    ADC_CommonStructInit                     0x08007603   Thumb Code    12  stm32f4xx_adc.o(.text)
    ADC_Cmd                                  0x0800760f   Thumb Code    22  stm32f4xx_adc.o(.text)
    ADC_AnalogWatchdogCmd                    0x08007625   Thumb Code    16  stm32f4xx_adc.o(.text)
    ADC_AnalogWatchdogThresholdsConfig       0x08007635   Thumb Code     6  stm32f4xx_adc.o(.text)
    ADC_AnalogWatchdogSingleChannelConfig    0x0800763b   Thumb Code    16  stm32f4xx_adc.o(.text)
    ADC_TempSensorVrefintCmd                 0x0800764b   Thumb Code    34  stm32f4xx_adc.o(.text)
    ADC_VBATCmd                              0x0800766d   Thumb Code    34  stm32f4xx_adc.o(.text)
    ADC_RegularChannelConfig                 0x0800768f   Thumb Code   184  stm32f4xx_adc.o(.text)
    ADC_SoftwareStartConv                    0x08007747   Thumb Code    10  stm32f4xx_adc.o(.text)
    ADC_GetSoftwareStartConvStatus           0x08007751   Thumb Code    20  stm32f4xx_adc.o(.text)
    ADC_EOCOnEachRegularChannelCmd           0x08007765   Thumb Code    22  stm32f4xx_adc.o(.text)
    ADC_ContinuousModeCmd                    0x0800777b   Thumb Code    22  stm32f4xx_adc.o(.text)
    ADC_DiscModeChannelCountConfig           0x08007791   Thumb Code    24  stm32f4xx_adc.o(.text)
    ADC_DiscModeCmd                          0x080077a9   Thumb Code    22  stm32f4xx_adc.o(.text)
    ADC_GetConversionValue                   0x080077bf   Thumb Code     8  stm32f4xx_adc.o(.text)
    ADC_GetMultiModeConversionValue          0x080077c7   Thumb Code     8  stm32f4xx_adc.o(.text)
    ADC_DMACmd                               0x080077cf   Thumb Code    22  stm32f4xx_adc.o(.text)
    ADC_DMARequestAfterLastTransferCmd       0x080077e5   Thumb Code    22  stm32f4xx_adc.o(.text)
    ADC_MultiModeDMARequestAfterLastTransferCmd 0x080077fb   Thumb Code    34  stm32f4xx_adc.o(.text)
    ADC_InjectedChannelConfig                0x0800781d   Thumb Code   130  stm32f4xx_adc.o(.text)
    ADC_InjectedSequencerLengthConfig        0x0800789f   Thumb Code    24  stm32f4xx_adc.o(.text)
    ADC_SetInjectedOffset                    0x080078b7   Thumb Code    20  stm32f4xx_adc.o(.text)
    ADC_ExternalTrigInjectedConvConfig       0x080078cb   Thumb Code    16  stm32f4xx_adc.o(.text)
    ADC_ExternalTrigInjectedConvEdgeConfig   0x080078db   Thumb Code    16  stm32f4xx_adc.o(.text)
    ADC_SoftwareStartInjectedConv            0x080078eb   Thumb Code    10  stm32f4xx_adc.o(.text)
    ADC_GetSoftwareStartInjectedConvCmdStatus 0x080078f5   Thumb Code    20  stm32f4xx_adc.o(.text)
    ADC_AutoInjectedConvCmd                  0x08007909   Thumb Code    22  stm32f4xx_adc.o(.text)
    ADC_InjectedDiscModeCmd                  0x0800791f   Thumb Code    22  stm32f4xx_adc.o(.text)
    ADC_GetInjectedConversionValue           0x08007935   Thumb Code    28  stm32f4xx_adc.o(.text)
    ADC_ITConfig                             0x08007951   Thumb Code    56  stm32f4xx_adc.o(.text)
    ADC_GetFlagStatus                        0x08007989   Thumb Code    18  stm32f4xx_adc.o(.text)
    ADC_ClearFlag                            0x0800799b   Thumb Code     6  stm32f4xx_adc.o(.text)
    ADC_GetITStatus                          0x080079a1   Thumb Code    38  stm32f4xx_adc.o(.text)
    ADC_ClearITPendingBit                    0x080079c7   Thumb Code    10  stm32f4xx_adc.o(.text)
    Reset_Handler                            0x080079d1   Thumb Code     8  startup_stm32f40_41xxx.o(.text)
    ADC_IRQHandler                           0x080079eb   Thumb Code     0  startup_stm32f40_41xxx.o(.text)
    CAN1_RX0_IRQHandler                      0x080079eb   Thumb Code     0  startup_stm32f40_41xxx.o(.text)
    CAN1_RX1_IRQHandler                      0x080079eb   Thumb Code     0  startup_stm32f40_41xxx.o(.text)
    CAN1_SCE_IRQHandler                      0x080079eb   Thumb Code     0  startup_stm32f40_41xxx.o(.text)
    CAN1_TX_IRQHandler                       0x080079eb   Thumb Code     0  startup_stm32f40_41xxx.o(.text)
    CAN2_RX0_IRQHandler                      0x080079eb   Thumb Code     0  startup_stm32f40_41xxx.o(.text)
    CAN2_RX1_IRQHandler                      0x080079eb   Thumb Code     0  startup_stm32f40_41xxx.o(.text)
    CAN2_SCE_IRQHandler                      0x080079eb   Thumb Code     0  startup_stm32f40_41xxx.o(.text)
    CAN2_TX_IRQHandler                       0x080079eb   Thumb Code     0  startup_stm32f40_41xxx.o(.text)
    CRYP_IRQHandler                          0x080079eb   Thumb Code     0  startup_stm32f40_41xxx.o(.text)
    DCMI_IRQHandler                          0x080079eb   Thumb Code     0  startup_stm32f40_41xxx.o(.text)
    DMA1_Stream0_IRQHandler                  0x080079eb   Thumb Code     0  startup_stm32f40_41xxx.o(.text)
    DMA1_Stream1_IRQHandler                  0x080079eb   Thumb Code     0  startup_stm32f40_41xxx.o(.text)
    DMA1_Stream2_IRQHandler                  0x080079eb   Thumb Code     0  startup_stm32f40_41xxx.o(.text)
    DMA1_Stream3_IRQHandler                  0x080079eb   Thumb Code     0  startup_stm32f40_41xxx.o(.text)
    DMA1_Stream4_IRQHandler                  0x080079eb   Thumb Code     0  startup_stm32f40_41xxx.o(.text)
    DMA1_Stream5_IRQHandler                  0x080079eb   Thumb Code     0  startup_stm32f40_41xxx.o(.text)
    DMA1_Stream6_IRQHandler                  0x080079eb   Thumb Code     0  startup_stm32f40_41xxx.o(.text)
    DMA1_Stream7_IRQHandler                  0x080079eb   Thumb Code     0  startup_stm32f40_41xxx.o(.text)
    DMA2_Stream1_IRQHandler                  0x080079eb   Thumb Code     0  startup_stm32f40_41xxx.o(.text)
    DMA2_Stream2_IRQHandler                  0x080079eb   Thumb Code     0  startup_stm32f40_41xxx.o(.text)
    DMA2_Stream3_IRQHandler                  0x080079eb   Thumb Code     0  startup_stm32f40_41xxx.o(.text)
    DMA2_Stream4_IRQHandler                  0x080079eb   Thumb Code     0  startup_stm32f40_41xxx.o(.text)
    DMA2_Stream5_IRQHandler                  0x080079eb   Thumb Code     0  startup_stm32f40_41xxx.o(.text)
    DMA2_Stream6_IRQHandler                  0x080079eb   Thumb Code     0  startup_stm32f40_41xxx.o(.text)
    DMA2_Stream7_IRQHandler                  0x080079eb   Thumb Code     0  startup_stm32f40_41xxx.o(.text)
    ETH_IRQHandler                           0x080079eb   Thumb Code     0  startup_stm32f40_41xxx.o(.text)
    ETH_WKUP_IRQHandler                      0x080079eb   Thumb Code     0  startup_stm32f40_41xxx.o(.text)
    EXTI0_IRQHandler                         0x080079eb   Thumb Code     0  startup_stm32f40_41xxx.o(.text)
    EXTI15_10_IRQHandler                     0x080079eb   Thumb Code     0  startup_stm32f40_41xxx.o(.text)
    EXTI1_IRQHandler                         0x080079eb   Thumb Code     0  startup_stm32f40_41xxx.o(.text)
    EXTI2_IRQHandler                         0x080079eb   Thumb Code     0  startup_stm32f40_41xxx.o(.text)
    EXTI3_IRQHandler                         0x080079eb   Thumb Code     0  startup_stm32f40_41xxx.o(.text)
    EXTI4_IRQHandler                         0x080079eb   Thumb Code     0  startup_stm32f40_41xxx.o(.text)
    EXTI9_5_IRQHandler                       0x080079eb   Thumb Code     0  startup_stm32f40_41xxx.o(.text)
    FLASH_IRQHandler                         0x080079eb   Thumb Code     0  startup_stm32f40_41xxx.o(.text)
    FPU_IRQHandler                           0x080079eb   Thumb Code     0  startup_stm32f40_41xxx.o(.text)
    FSMC_IRQHandler                          0x080079eb   Thumb Code     0  startup_stm32f40_41xxx.o(.text)
    HASH_RNG_IRQHandler                      0x080079eb   Thumb Code     0  startup_stm32f40_41xxx.o(.text)
    I2C1_ER_IRQHandler                       0x080079eb   Thumb Code     0  startup_stm32f40_41xxx.o(.text)
    I2C1_EV_IRQHandler                       0x080079eb   Thumb Code     0  startup_stm32f40_41xxx.o(.text)
    I2C2_ER_IRQHandler                       0x080079eb   Thumb Code     0  startup_stm32f40_41xxx.o(.text)
    I2C2_EV_IRQHandler                       0x080079eb   Thumb Code     0  startup_stm32f40_41xxx.o(.text)
    I2C3_ER_IRQHandler                       0x080079eb   Thumb Code     0  startup_stm32f40_41xxx.o(.text)
    I2C3_EV_IRQHandler                       0x080079eb   Thumb Code     0  startup_stm32f40_41xxx.o(.text)
    OTG_FS_IRQHandler                        0x080079eb   Thumb Code     0  startup_stm32f40_41xxx.o(.text)
    OTG_FS_WKUP_IRQHandler                   0x080079eb   Thumb Code     0  startup_stm32f40_41xxx.o(.text)
    OTG_HS_EP1_IN_IRQHandler                 0x080079eb   Thumb Code     0  startup_stm32f40_41xxx.o(.text)
    OTG_HS_EP1_OUT_IRQHandler                0x080079eb   Thumb Code     0  startup_stm32f40_41xxx.o(.text)
    OTG_HS_IRQHandler                        0x080079eb   Thumb Code     0  startup_stm32f40_41xxx.o(.text)
    OTG_HS_WKUP_IRQHandler                   0x080079eb   Thumb Code     0  startup_stm32f40_41xxx.o(.text)
    PVD_IRQHandler                           0x080079eb   Thumb Code     0  startup_stm32f40_41xxx.o(.text)
    RCC_IRQHandler                           0x080079eb   Thumb Code     0  startup_stm32f40_41xxx.o(.text)
    RTC_Alarm_IRQHandler                     0x080079eb   Thumb Code     0  startup_stm32f40_41xxx.o(.text)
    RTC_WKUP_IRQHandler                      0x080079eb   Thumb Code     0  startup_stm32f40_41xxx.o(.text)
    SDIO_IRQHandler                          0x080079eb   Thumb Code     0  startup_stm32f40_41xxx.o(.text)
    SPI1_IRQHandler                          0x080079eb   Thumb Code     0  startup_stm32f40_41xxx.o(.text)
    SPI2_IRQHandler                          0x080079eb   Thumb Code     0  startup_stm32f40_41xxx.o(.text)
    SPI3_IRQHandler                          0x080079eb   Thumb Code     0  startup_stm32f40_41xxx.o(.text)
    TAMP_STAMP_IRQHandler                    0x080079eb   Thumb Code     0  startup_stm32f40_41xxx.o(.text)
    TIM1_CC_IRQHandler                       0x080079eb   Thumb Code     0  startup_stm32f40_41xxx.o(.text)
    TIM1_TRG_COM_TIM11_IRQHandler            0x080079eb   Thumb Code     0  startup_stm32f40_41xxx.o(.text)
    TIM1_UP_TIM10_IRQHandler                 0x080079eb   Thumb Code     0  startup_stm32f40_41xxx.o(.text)
    TIM2_IRQHandler                          0x080079eb   Thumb Code     0  startup_stm32f40_41xxx.o(.text)
    TIM3_IRQHandler                          0x080079eb   Thumb Code     0  startup_stm32f40_41xxx.o(.text)
    TIM4_IRQHandler                          0x080079eb   Thumb Code     0  startup_stm32f40_41xxx.o(.text)
    TIM6_DAC_IRQHandler                      0x080079eb   Thumb Code     0  startup_stm32f40_41xxx.o(.text)
    TIM8_BRK_TIM12_IRQHandler                0x080079eb   Thumb Code     0  startup_stm32f40_41xxx.o(.text)
    TIM8_CC_IRQHandler                       0x080079eb   Thumb Code     0  startup_stm32f40_41xxx.o(.text)
    TIM8_TRG_COM_TIM14_IRQHandler            0x080079eb   Thumb Code     0  startup_stm32f40_41xxx.o(.text)
    TIM8_UP_TIM13_IRQHandler                 0x080079eb   Thumb Code     0  startup_stm32f40_41xxx.o(.text)
    UART4_IRQHandler                         0x080079eb   Thumb Code     0  startup_stm32f40_41xxx.o(.text)
    UART5_IRQHandler                         0x080079eb   Thumb Code     0  startup_stm32f40_41xxx.o(.text)
    USART2_IRQHandler                        0x080079eb   Thumb Code     0  startup_stm32f40_41xxx.o(.text)
    USART3_IRQHandler                        0x080079eb   Thumb Code     0  startup_stm32f40_41xxx.o(.text)
    WWDG_IRQHandler                          0x080079eb   Thumb Code     0  startup_stm32f40_41xxx.o(.text)
    __aeabi_dadd                             0x080079f5   Thumb Code   322  dadd.o(.text)
    __aeabi_dsub                             0x08007b37   Thumb Code     6  dadd.o(.text)
    __aeabi_drsub                            0x08007b3d   Thumb Code     6  dadd.o(.text)
    __aeabi_dmul                             0x08007b43   Thumb Code   228  dmul.o(.text)
    __aeabi_ddiv                             0x08007c27   Thumb Code   222  ddiv.o(.text)
    __aeabi_i2d                              0x08007d05   Thumb Code    34  dflti.o(.text)
    __aeabi_ui2d                             0x08007d27   Thumb Code    26  dfltui.o(.text)
    __aeabi_f2d                              0x08007d41   Thumb Code    38  f2d.o(.text)
    __aeabi_d2f                              0x08007d67   Thumb Code    56  d2f.o(.text)
    __aeabi_uidiv                            0x08007d9f   Thumb Code     0  uidiv.o(.text)
    __aeabi_uidivmod                         0x08007d9f   Thumb Code    44  uidiv.o(.text)
    __aeabi_uldivmod                         0x08007dcb   Thumb Code    98  uldiv.o(.text)
    __aeabi_llsl                             0x08007e2d   Thumb Code    30  llshl.o(.text)
    _ll_shift_l                              0x08007e2d   Thumb Code     0  llshl.o(.text)
    __aeabi_lasr                             0x08007e4b   Thumb Code    36  llsshr.o(.text)
    _ll_sshift_r                             0x08007e4b   Thumb Code     0  llsshr.o(.text)
    __I$use$fp                               0x08007e6f   Thumb Code     0  iusefp.o(.text)
    _float_round                             0x08007e6f   Thumb Code    18  fepilogue.o(.text)
    _float_epilogue                          0x08007e81   Thumb Code    92  fepilogue.o(.text)
    _double_round                            0x08007edd   Thumb Code    30  depilogue.o(.text)
    _double_epilogue                         0x08007efb   Thumb Code   156  depilogue.o(.text)
    __aeabi_d2ulz                            0x08007f97   Thumb Code    48  dfixul.o(.text)
    __aeabi_cdrcmple                         0x08007fc9   Thumb Code    48  cdrcmple.o(.text)
    __scatterload                            0x08007ff9   Thumb Code    28  init.o(.text)
    __scatterload_rt2                        0x08007ff9   Thumb Code     0  init.o(.text)
    __aeabi_llsr                             0x0800801d   Thumb Code    32  llushr.o(.text)
    _ll_ushift_r                             0x0800801d   Thumb Code     0  llushr.o(.text)
    __decompress                             0x0800803d   Thumb Code     0  __dclz77c.o(.text)
    __decompress2                            0x0800803d   Thumb Code    94  __dclz77c.o(.text)
    __0sprintf                               0x0800809d   Thumb Code    34  printfa.o(i.__0sprintf)
    __1sprintf                               0x0800809d   Thumb Code     0  printfa.o(i.__0sprintf)
    __2sprintf                               0x0800809d   Thumb Code     0  printfa.o(i.__0sprintf)
    __c89sprintf                             0x0800809d   Thumb Code     0  printfa.o(i.__0sprintf)
    sprintf                                  0x0800809d   Thumb Code     0  printfa.o(i.__0sprintf)
    __ARM_fpclassify                         0x080080c5   Thumb Code    48  fpclassify.o(i.__ARM_fpclassify)
    __hardfp_atan                            0x080080f9   Thumb Code   622  atan.o(i.__hardfp_atan)
    __hardfp_atan2                           0x080083d1   Thumb Code   432  atan2.o(i.__hardfp_atan2)
    __kernel_poly                            0x080085c1   Thumb Code   248  poly.o(i.__kernel_poly)
    __mathlib_dbl_infnan                     0x080086b9   Thumb Code    20  dunder.o(i.__mathlib_dbl_infnan)
    __mathlib_dbl_infnan2                    0x080086cd   Thumb Code    20  dunder.o(i.__mathlib_dbl_infnan2)
    __mathlib_dbl_underflow                  0x080086e1   Thumb Code    24  dunder.o(i.__mathlib_dbl_underflow)
    __scatterload_copy                       0x08008701   Thumb Code    14  handlers.o(i.__scatterload_copy)
    __scatterload_null                       0x0800870f   Thumb Code     2  handlers.o(i.__scatterload_null)
    __scatterload_zeroinit                   0x08008711   Thumb Code    14  handlers.o(i.__scatterload_zeroinit)
    atan                                     0x08008fbd   Thumb Code    16  atan.o(i.atan)
    fabs                                     0x08008fcd   Thumb Code    24  fabs.o(i.fabs)
    FSMC_DefaultTimingStruct                 0x08008fe4   Data          28  stm32f4xx_fsmc.o(.constdata)
    __mathlib_zero                           0x08009098   Data           8  qnan.o(.constdata)
    Region$$Table$$Base                      0x080090a0   Number         0  anon$$obj.o(Region$$Table)
    Region$$Table$$Limit                     0x080090c0   Number         0  anon$$obj.o(Region$$Table)
    ADC1ConvertedValue                       0x20000000   Data           4  dma.o(.data)
    USART_RX_STA                             0x20000004   Data           2  usart.o(.data)
    __stdout                                 0x20000008   Data           4  usart.o(.data)
    POINT_COLOR                              0x2000000c   Data           2  lcd_drive.o(.data)
    BACK_COLOR                               0x2000000e   Data           2  lcd_drive.o(.data)
    Key                                      0x20001d70   Data           1  key.o(.data)
    _KeyRead                                 0x20001d71   Data           1  key.o(.data)
    mc                                       0x20001d72   Data           1  key.o(.data)
    Mode                                     0x20001d73   Data           1  key.o(.data)
    side                                     0x20001d74   Data           1  key.o(.data)
    MoveLive                                 0x20001d75   Data           1  key.o(.data)
    MoveLiveB                                0x20001d76   Data           1  key.o(.data)
    MEMU_SURE                                0x20001d77   Data           1  key.o(.data)
    BACK_ESC                                 0x20001d78   Data           1  key.o(.data)
    _fangxiang                               0x20003adc   Data           1  pid.o(.data)
    Max                                      0x20003add   Data           1  pid.o(.data)
    fi                                       0x20003ae0   Data           4  pid.o(.data)
    a0                                       0x20003ae4   Data           4  pid.o(.data)
    a1                                       0x20003ae8   Data           4  pid.o(.data)
    aa                                       0x20003aec   Data           4  pid.o(.data)
    Xita_ERR                                 0x20003af0   Data           8  pid.o(.data)
    Value                                    0x20005858   Data           2  irq_cell.o(.data)
    i                                        0x2000585a   Data           1  irq_cell.o(.data)
    Tem                                      0x2000585c   Data           4  irq_cell.o(.data)
    flag                                     0x200075c0   Data           1  display.o(.data)
    Speed1                                   0x20009324   Data           2  run.o(.data)
    Speed2                                   0x20009326   Data           2  run.o(.data)
    Speed3                                   0x20009328   Data           2  run.o(.data)
    Speed4                                   0x2000932a   Data           2  run.o(.data)
    length                                   0x2000932c   Data           1  run.o(.data)
    Angle0                                   0x2000932d   Data           1  run.o(.data)
    Anglex                                   0x2000932e   Data           1  run.o(.data)
    Angley                                   0x2000932f   Data           1  run.o(.data)
    direction                                0x20009330   Data           2  run.o(.data)
    statue                                   0x20009332   Data           1  run.o(.data)
    Xita                                     0x20009334   Data           4  run.o(.data)
    Length                                   0x20009338   Data           1  run.o(.data)
    Beita                                    0x2000933c   Data           4  run.o(.data)
    Forward                                  0x20009340   Data           4  run.o(.data)
    R                                        0x20009344   Data           1  run.o(.data)
    _i                                       0x20009345   Data           1  run.o(.data)
    counter                                  0x20009348   Data           1  datadefine.o(.data)
    sign                                     0x20009349   Data           1  datadefine.o(.data)
    T                                        0x2000934c   Data           4  datadefine.o(.data)
    flag_Err                                 0x20009350   Data           1  datadefine.o(.data)
    Err_x                                    0x20009354   Data           4  datadefine.o(.data)
    Err_y                                    0x20009358   Data           4  datadefine.o(.data)
    Err_wx                                   0x2000935c   Data           4  datadefine.o(.data)
    Err_wy                                   0x20009360   Data           4  datadefine.o(.data)
    RUN_Mode                                 0x20009364   Data           1  datadefine.o(.data)
    SystemCoreClock                          0x20009368   Data           4  system_stm32f4xx.o(.data)
    AHBPrescTable                            0x2000936c   Data          16  system_stm32f4xx.o(.data)
    USART_RX_BUF                             0x20009394   Data         200  usart.o(.bss)
    lcddev                                   0x2000945c   Data          14  lcd_drive.o(.bss)
    Re_buf                                   0x20009538   Data          11  datadefine.o(.bss)
    temp_buf                                 0x20009543   Data          11  datadefine.o(.bss)
    a                                        0x20009550   Data          12  datadefine.o(.bss)
    w                                        0x2000955c   Data          12  datadefine.o(.bss)
    angle                                    0x20009568   Data          12  datadefine.o(.bss)
    __initial_sp                             0x20009978   Data           0  startup_stm32f40_41xxx.o(STACK)



==============================================================================

Memory Map of the image

  Image Entry point : 0x08000189

  Load Region LR_IROM1 (Base: 0x08000000, Size: 0x00012454, Max: 0x00080000, ABSOLUTE, COMPRESSED[0x0000a3e4])

    Execution Region ER_IROM1 (Base: 0x08000000, Size: 0x000090c0, Max: 0x00080000, ABSOLUTE)

    Base Addr    Size         Type   Attr      Idx    E Section Name        Object

    0x08000000   0x00000188   Data   RO          956    RESET               startup_stm32f40_41xxx.o
    0x08000188   0x00000000   Code   RO          973  * .ARM.Collect$$$$00000000  mc_w.l(entry.o)
    0x08000188   0x00000004   Code   RO         1286    .ARM.Collect$$$$00000001  mc_w.l(entry2.o)
    0x0800018c   0x00000004   Code   RO         1289    .ARM.Collect$$$$00000004  mc_w.l(entry5.o)
    0x08000190   0x00000000   Code   RO         1291    .ARM.Collect$$$$00000008  mc_w.l(entry7b.o)
    0x08000190   0x00000000   Code   RO         1293    .ARM.Collect$$$$0000000A  mc_w.l(entry8b.o)
    0x08000190   0x00000008   Code   RO         1294    .ARM.Collect$$$$0000000B  mc_w.l(entry9a.o)
    0x08000198   0x00000000   Code   RO         1296    .ARM.Collect$$$$0000000D  mc_w.l(entry10a.o)
    0x08000198   0x00000000   Code   RO         1298    .ARM.Collect$$$$0000000F  mc_w.l(entry11a.o)
    0x08000198   0x00000004   Code   RO         1287    .ARM.Collect$$$$00002712  mc_w.l(entry2.o)
    0x0800019c   0x0000011c   Code   RO            4    .text               main.o
    0x080002b8   0x00000224   Code   RO          278    .text               usart.o
    0x080004dc   0x00000110   Code   RO          316    .text               pwm.o
    0x080005ec   0x0000166c   Code   RO          340    .text               lcd_drive.o
    0x08001c58   0x0000017c   Code   RO          395    .text               timcontrol.o
    0x08001dd4   0x00000274   Code   RO          419    .text               key.o
    0x08002048   0x00000824   Code   RO          452    .text               lcd_own.o
    0x0800286c   0x00000b74   Code   RO          481    .text               pid.o
    0x080033e0   0x00000140   Code   RO          512    .text               irq_cell.o
    0x08003520   0x00000934   Code   RO          546    .text               display.o
    0x08003e54   0x00001004   Code   RO          576    .text               run.o
    0x08004e58   0x0000001a   Code   RO          629    .text               stm32f4xx_it.o
    0x08004e72   0x00000002   PAD
    0x08004e74   0x00000210   Code   RO          656    .text               system_stm32f4xx.o
    0x08005084   0x000000b0   Code   RO          686    .text               sys.o
    0x08005134   0x0000065c   Code   RO          712    .text               stm32f4xx_rcc.o
    0x08005790   0x00000294   Code   RO          738    .text               stm32f4xx_gpio.o
    0x08005a24   0x000000e0   Code   RO          762    .text               misc.o
    0x08005b04   0x00000ca2   Code   RO          786    .text               stm32f4xx_tim.o
    0x080067a6   0x00000002   PAD
    0x080067a8   0x000003a8   Code   RO          810    .text               stm32f4xx_dma.o
    0x08006b50   0x00000454   Code   RO          834    .text               stm32f4xx_usart.o
    0x08006fa4   0x000005c8   Code   RO          906    .text               stm32f4xx_fsmc.o
    0x0800756c   0x00000464   Code   RO          933    .text               stm32f4xx_adc.o
    0x080079d0   0x00000024   Code   RO          957    .text               startup_stm32f40_41xxx.o
    0x080079f4   0x0000014e   Code   RO         1237    .text               mf_w.l(dadd.o)
    0x08007b42   0x000000e4   Code   RO         1239    .text               mf_w.l(dmul.o)
    0x08007c26   0x000000de   Code   RO         1241    .text               mf_w.l(ddiv.o)
    0x08007d04   0x00000022   Code   RO         1243    .text               mf_w.l(dflti.o)
    0x08007d26   0x0000001a   Code   RO         1245    .text               mf_w.l(dfltui.o)
    0x08007d40   0x00000026   Code   RO         1247    .text               mf_w.l(f2d.o)
    0x08007d66   0x00000038   Code   RO         1249    .text               mf_w.l(d2f.o)
    0x08007d9e   0x0000002c   Code   RO         1300    .text               mc_w.l(uidiv.o)
    0x08007dca   0x00000062   Code   RO         1302    .text               mc_w.l(uldiv.o)
    0x08007e2c   0x0000001e   Code   RO         1304    .text               mc_w.l(llshl.o)
    0x08007e4a   0x00000024   Code   RO         1306    .text               mc_w.l(llsshr.o)
    0x08007e6e   0x00000000   Code   RO         1315    .text               mc_w.l(iusefp.o)
    0x08007e6e   0x0000006e   Code   RO         1316    .text               mf_w.l(fepilogue.o)
    0x08007edc   0x000000ba   Code   RO         1318    .text               mf_w.l(depilogue.o)
    0x08007f96   0x00000030   Code   RO         1322    .text               mf_w.l(dfixul.o)
    0x08007fc6   0x00000002   PAD
    0x08007fc8   0x00000030   Code   RO         1324    .text               mf_w.l(cdrcmple.o)
    0x08007ff8   0x00000024   Code   RO         1330    .text               mc_w.l(init.o)
    0x0800801c   0x00000020   Code   RO         1332    .text               mc_w.l(llushr.o)
    0x0800803c   0x0000005e   Code   RO         1342    .text               mc_w.l(__dclz77c.o)
    0x0800809a   0x00000002   PAD
    0x0800809c   0x00000028   Code   RO         1211    i.__0sprintf        mc_w.l(printfa.o)
    0x080080c4   0x00000030   Code   RO         1326    i.__ARM_fpclassify  m_wm.l(fpclassify.o)
    0x080080f4   0x00000004   PAD
    0x080080f8   0x000002d8   Code   RO         1251    i.__hardfp_atan     m_wm.l(atan.o)
    0x080083d0   0x000001f0   Code   RO          961    i.__hardfp_atan2    m_wm.l(atan2.o)
    0x080085c0   0x000000f8   Code   RO         1328    i.__kernel_poly     m_wm.l(poly.o)
    0x080086b8   0x00000014   Code   RO         1266    i.__mathlib_dbl_infnan  m_wm.l(dunder.o)
    0x080086cc   0x00000014   Code   RO         1267    i.__mathlib_dbl_infnan2  m_wm.l(dunder.o)
    0x080086e0   0x00000020   Code   RO         1271    i.__mathlib_dbl_underflow  m_wm.l(dunder.o)
    0x08008700   0x0000000e   Code   RO         1336    i.__scatterload_copy  mc_w.l(handlers.o)
    0x0800870e   0x00000002   Code   RO         1337    i.__scatterload_null  mc_w.l(handlers.o)
    0x08008710   0x0000000e   Code   RO         1338    i.__scatterload_zeroinit  mc_w.l(handlers.o)
    0x0800871e   0x00000002   PAD
    0x08008720   0x00000164   Code   RO         1216    i._fp_digits        mc_w.l(printfa.o)
    0x08008884   0x000006dc   Code   RO         1217    i._printf_core      mc_w.l(printfa.o)
    0x08008f60   0x00000024   Code   RO         1218    i._printf_post_padding  mc_w.l(printfa.o)
    0x08008f84   0x0000002e   Code   RO         1219    i._printf_pre_padding  mc_w.l(printfa.o)
    0x08008fb2   0x0000000a   Code   RO         1221    i._sputc            mc_w.l(printfa.o)
    0x08008fbc   0x00000010   Code   RO         1253    i.atan              m_wm.l(atan.o)
    0x08008fcc   0x00000018   Code   RO         1281    i.fabs              m_wm.l(fabs.o)
    0x08008fe4   0x0000001c   Data   RO          907    .constdata          stm32f4xx_fsmc.o
    0x08009000   0x00000098   Data   RO         1254    .constdata          m_wm.l(atan.o)
    0x08009098   0x00000008   Data   RO         1285    .constdata          m_wm.l(qnan.o)
    0x080090a0   0x00000020   Data   RO         1334    Region$$Table       anon$$obj.o


    Execution Region RW_IRAM1 (Base: 0x20000000, Size: 0x00009978, Max: 0x00020000, ABSOLUTE, COMPRESSED[0x00001324])

    Base Addr    Size         Type   Attr      Idx    E Section Name        Object

    0x20000000   0x00000004   Data   RW          187    .data               dma.o
    0x20000004   0x00000008   Data   RW          280    .data               usart.o
    0x2000000c   0x00000004   Data   RW          342    .data               lcd_drive.o
    0x20000010   0x00001d69   Data   RW          420    .data               key.o
    0x20001d79   0x00001d60   Data   RW          453    .data               lcd_own.o
    0x20003ad9   0x00000003   PAD
    0x20003adc   0x0000001c   Data   RW          483    .data               pid.o
    0x20003af8   0x00001d68   Data   RW          514    .data               irq_cell.o
    0x20005860   0x00001d61   Data   RW          547    .data               display.o
    0x200075c1   0x00000003   PAD
    0x200075c4   0x00001d82   Data   RW          578    .data               run.o
    0x20009346   0x00000002   PAD
    0x20009348   0x0000001d   Data   RW          605    .data               datadefine.o
    0x20009365   0x00000003   PAD
    0x20009368   0x00000014   Data   RW          657    .data               system_stm32f4xx.o
    0x2000937c   0x00000008   Data   RW          687    .data               sys.o
    0x20009384   0x00000010   Data   RW          713    .data               stm32f4xx_rcc.o
    0x20009394   0x000000c8   Zero   RW          279    .bss                usart.o
    0x2000945c   0x0000000e   Zero   RW          341    .bss                lcd_drive.o
    0x2000946a   0x00000002   PAD
    0x2000946c   0x00000040   Zero   RW          482    .bss                pid.o
    0x200094ac   0x0000004b   Zero   RW          513    .bss                irq_cell.o
    0x200094f7   0x00000001   PAD
    0x200094f8   0x00000040   Zero   RW          577    .bss                run.o
    0x20009538   0x0000003c   Zero   RW          604    .bss                datadefine.o
    0x20009574   0x00000004   PAD
    0x20009578   0x00000400   Zero   RW          954    STACK               startup_stm32f40_41xxx.o


==============================================================================

Image component sizes


      Code (inc. data)   RO Data    RW Data    ZI Data      Debug   Object Name

         0          0          0         29         60        903   datadefine.o
      2356        878          0       7521          0       2350   display.o
         0          0          0          4          0     311881   dma.o
       320         56          0       7528         75       1879   irq_cell.o
       628         62          0       7529          0       1877   key.o
      5740         64          0          4         14       8247   lcd_drive.o
      2084         42          0       7520          0       7737   lcd_own.o
       284         24          0          0          0     240640   main.o
       224         20          0          0          0       1841   misc.o
      2932         90          0         28         64       4494   pid.o
       272         10          0          0          0        717   pwm.o
      4100        338          0       7554         64       6093   run.o
        36          8        392          0       1024        832   startup_stm32f40_41xxx.o
      1124         24          0          0          0      10710   stm32f4xx_adc.o
       936         32          0          0          0       6421   stm32f4xx_dma.o
      1480         18         28          0          0       5666   stm32f4xx_fsmc.o
       660         44          0          0          0       4181   stm32f4xx_gpio.o
        26          0          0          0          0       1246   stm32f4xx_it.o
      1628         52          0         16          0      13052   stm32f4xx_rcc.o
      3234         60          0          0          0      23036   stm32f4xx_tim.o
      1108         34          0          0          0       7908   stm32f4xx_usart.o
       176         16          0          8          0       1369   sys.o
       528         46          0         20          0       1847   system_stm32f4xx.o
       380         18          0          0          0       1303   timcontrol.o
       548         30          0          8        200       3560   usart.o

    ----------------------------------------------------------------------
     30808       1966        452      37780       1508     669790   Object Totals
         0          0         32          0          0          0   (incl. Generated)
         4          0          0         11          7          0   (incl. Padding)

    ----------------------------------------------------------------------

      Code (inc. data)   RO Data    RW Data    ZI Data      Debug   Library Member Name

       744        106        152          0          0        352   atan.o
       496         64          0          0          0        192   atan2.o
        72          8          0          0          0        372   dunder.o
        24          0          0          0          0        124   fabs.o
        48          0          0          0          0        124   fpclassify.o
       248          0          0          0          0        152   poly.o
         0          0          8          0          0          0   qnan.o
        94          0          0          0          0          0   __dclz77c.o
         0          0          0          0          0          0   entry.o
         0          0          0          0          0          0   entry10a.o
         0          0          0          0          0          0   entry11a.o
         8          4          0          0          0          0   entry2.o
         4          0          0          0          0          0   entry5.o
         0          0          0          0          0          0   entry7b.o
         0          0          0          0          0          0   entry8b.o
         8          4          0          0          0          0   entry9a.o
        30          0          0          0          0          0   handlers.o
        36          8          0          0          0         68   init.o
         0          0          0          0          0          0   iusefp.o
        30          0          0          0          0         68   llshl.o
        36          0          0          0          0         68   llsshr.o
        32          0          0          0          0         68   llushr.o
      2244         86          0          0          0        512   printfa.o
        44          0          0          0          0         80   uidiv.o
        98          0          0          0          0         92   uldiv.o
        48          0          0          0          0         68   cdrcmple.o
        56          0          0          0          0         88   d2f.o
       334          0          0          0          0        148   dadd.o
       222          0          0          0          0        100   ddiv.o
       186          0          0          0          0        176   depilogue.o
        48          0          0          0          0         68   dfixul.o
        34          0          0          0          0         76   dflti.o
        26          0          0          0          0         76   dfltui.o
       228          0          0          0          0         96   dmul.o
        38          0          0          0          0         68   f2d.o
       110          0          0          0          0        168   fepilogue.o

    ----------------------------------------------------------------------
      5636        280        160          0          0       3404   Library Totals
        10          0          0          0          0          0   (incl. Padding)

    ----------------------------------------------------------------------

      Code (inc. data)   RO Data    RW Data    ZI Data      Debug   Library Name

      1632        178        160          0          0       1316   m_wm.l
      2664        102          0          0          0        956   mc_w.l
      1330          0          0          0          0       1132   mf_w.l

    ----------------------------------------------------------------------
      5636        280        160          0          0       3404   Library Totals

    ----------------------------------------------------------------------

==============================================================================


      Code (inc. data)   RO Data    RW Data    ZI Data      Debug   

     36444       2246        612      37780       1508     666938   Grand Totals
     36444       2246        612       4900       1508     666938   ELF Image Totals (compressed)
     36444       2246        612       4900          0          0   ROM Totals

==============================================================================

    Total RO  Size (Code + RO Data)                37056 (  36.19kB)
    Total RW  Size (RW Data + ZI Data)             39288 (  38.37kB)
    Total ROM Size (Code + RO Data + RW Data)      41956 (  40.97kB)

==============================================================================

