<html>
<body>
<pre>
<h1>礦ision Build Log</h1>
<h2>Tool Versions:</h2>
IDE-Version: μVision V5.16a
Copyright (C) 2015 ARM Ltd and ARM Germany GmbH. All rights reserved.
License Information: dsct Microsoft, Microsoft, LIC=AK1BS-LZRCT-JPUZQ-NADHR-BBKK0-X5EN2
 
Tool Versions:
Toolchain:       MDK-ARM Professional  Version: 5.16a
Toolchain Path:  D:\APP Data\keil5\ARM\ARMCC\Bin
C Compiler:      Armcc.exe V5.06 (build 20)
Assembler:       Armasm.exe V5.06 (build 20)
Linker/Locator:  ArmLink.exe V5.06 (build 20)
Library Manager: ArmAr.exe V5.06 (build 20)
Hex Converter:   FromElf.exe V5.06 (build 20)
CPU DLL:         SARMCM3.DLL V5.16a
Dialog DLL:      DCM.DLL V1.13.2.0
Target DLL:      Segger\JL2CM3.dll V2.99.15.2
Dialog DLL:      TCM.DLL V1.14.5.0
 
<h2>Project:</h2>
D:\PC Data\32bit\M4\Cotex_m4国赛1 - 副本\User\Base.uvprojx
Project File Date:  11/28/2016

<h2>Output:</h2>
*** Using Compiler 'V5.06 (build 20)', folder: 'D:\APP Data\keil5\ARM\ARMCC\Bin'
Build target 'Base'
compiling Usart.c...
..\System\CORE\core_cm4_simd.h(127): warning:  #47-D: incompatible redefinition of macro "__SMMLA" (declared at line 780 of "D:\APP Data\keil5\ARM\PACK\ARM\CMSIS\4.4.0\CMSIS\Include\cmsis_armcc.h")
  #define __SMMLA(ARG1,ARG2,ARG3)          ( (int32_t)((((int64_t)(ARG1) * (ARG2)) + \
..\Hardware\Usart.c: 1 warning, 0 errors
compiling DMA.c...
..\System\CORE\core_cm4_simd.h(127): warning:  #47-D: incompatible redefinition of macro "__SMMLA" (declared at line 780 of "D:\APP Data\keil5\ARM\PACK\ARM\CMSIS\4.4.0\CMSIS\Include\cmsis_armcc.h")
  #define __SMMLA(ARG1,ARG2,ARG3)          ( (int32_t)((((int64_t)(ARG1) * (ARG2)) + \
..\Hardware\DMA.c: 1 warning, 0 errors
compiling main.c...
..\System\CORE\core_cm4_simd.h(127): warning:  #47-D: incompatible redefinition of macro "__SMMLA" (declared at line 780 of "D:\APP Data\keil5\ARM\PACK\ARM\CMSIS\4.4.0\CMSIS\Include\cmsis_armcc.h")
  #define __SMMLA(ARG1,ARG2,ARG3)          ( (int32_t)((((int64_t)(ARG1) * (ARG2)) + \
main.c: 1 warning, 0 errors
compiling pwm.c...
..\System\CORE\core_cm4_simd.h(127): warning:  #47-D: incompatible redefinition of macro "__SMMLA" (declared at line 780 of "D:\APP Data\keil5\ARM\PACK\ARM\CMSIS\4.4.0\CMSIS\Include\cmsis_armcc.h")
  #define __SMMLA(ARG1,ARG2,ARG3)          ( (int32_t)((((int64_t)(ARG1) * (ARG2)) + \
..\Hardware\pwm.c: 1 warning, 0 errors
compiling lcd_drive.c...
..\System\CORE\core_cm4_simd.h(127): warning:  #47-D: incompatible redefinition of macro "__SMMLA" (declared at line 780 of "D:\APP Data\keil5\ARM\PACK\ARM\CMSIS\4.4.0\CMSIS\Include\cmsis_armcc.h")
  #define __SMMLA(ARG1,ARG2,ARG3)          ( (int32_t)((((int64_t)(ARG1) * (ARG2)) + \
..\Hardware\lcd_drive.c: 1 warning, 0 errors
compiling ADC.C...
..\System\CORE\core_cm4_simd.h(127): warning:  #47-D: incompatible redefinition of macro "__SMMLA" (declared at line 780 of "D:\APP Data\keil5\ARM\PACK\ARM\CMSIS\4.4.0\CMSIS\Include\cmsis_armcc.h")
  #define __SMMLA(ARG1,ARG2,ARG3)          ( (int32_t)((((int64_t)(ARG1) * (ARG2)) + \
..\Hardware\ADC.C: 1 warning, 0 errors
compiling TIMControl.c...
..\System\CORE\core_cm4_simd.h(127): warning:  #47-D: incompatible redefinition of macro "__SMMLA" (declared at line 780 of "D:\APP Data\keil5\ARM\PACK\ARM\CMSIS\4.4.0\CMSIS\Include\cmsis_armcc.h")
  #define __SMMLA(ARG1,ARG2,ARG3)          ( (int32_t)((((int64_t)(ARG1) * (ARG2)) + \
..\Hardware\TIMControl.c: 1 warning, 0 errors
compiling Key.c...
..\System\CORE\core_cm4_simd.h(127): warning:  #47-D: incompatible redefinition of macro "__SMMLA" (declared at line 780 of "D:\APP Data\keil5\ARM\PACK\ARM\CMSIS\4.4.0\CMSIS\Include\cmsis_armcc.h")
  #define __SMMLA(ARG1,ARG2,ARG3)          ( (int32_t)((((int64_t)(ARG1) * (ARG2)) + \
..\Hardware\Key.c: 1 warning, 0 errors
compiling LCD_OWN.c...
..\System\CORE\core_cm4_simd.h(127): warning:  #47-D: incompatible redefinition of macro "__SMMLA" (declared at line 780 of "D:\APP Data\keil5\ARM\PACK\ARM\CMSIS\4.4.0\CMSIS\Include\cmsis_armcc.h")
  #define __SMMLA(ARG1,ARG2,ARG3)          ( (int32_t)((((int64_t)(ARG1) * (ARG2)) + \
..\Software\LCD_SPECIFIC\LCD_OWN.c: 1 warning, 0 errors
compiling IRQ_CELL.c...
..\System\CORE\core_cm4_simd.h(127): warning:  #47-D: incompatible redefinition of macro "__SMMLA" (declared at line 780 of "D:\APP Data\keil5\ARM\PACK\ARM\CMSIS\4.4.0\CMSIS\Include\cmsis_armcc.h")
  #define __SMMLA(ARG1,ARG2,ARG3)          ( (int32_t)((((int64_t)(ARG1) * (ARG2)) + \
..\Software\IRQ_CELL.c: 1 warning, 0 errors
compiling PID.C...
..\System\CORE\core_cm4_simd.h(127): warning:  #47-D: incompatible redefinition of macro "__SMMLA" (declared at line 780 of "D:\APP Data\keil5\ARM\PACK\ARM\CMSIS\4.4.0\CMSIS\Include\cmsis_armcc.h")
  #define __SMMLA(ARG1,ARG2,ARG3)          ( (int32_t)((((int64_t)(ARG1) * (ARG2)) + \
..\Software\PID.C: 1 warning, 0 errors
compiling display.c...
..\System\CORE\core_cm4_simd.h(127): warning:  #47-D: incompatible redefinition of macro "__SMMLA" (declared at line 780 of "D:\APP Data\keil5\ARM\PACK\ARM\CMSIS\4.4.0\CMSIS\Include\cmsis_armcc.h")
  #define __SMMLA(ARG1,ARG2,ARG3)          ( (int32_t)((((int64_t)(ARG1) * (ARG2)) + \
..\Software\display.c: 1 warning, 0 errors
compiling datadefine.c...
..\System\CORE\core_cm4_simd.h(127): warning:  #47-D: incompatible redefinition of macro "__SMMLA" (declared at line 780 of "D:\APP Data\keil5\ARM\PACK\ARM\CMSIS\4.4.0\CMSIS\Include\cmsis_armcc.h")
  #define __SMMLA(ARG1,ARG2,ARG3)          ( (int32_t)((((int64_t)(ARG1) * (ARG2)) + \
..\Software\datadefine.c: 1 warning, 0 errors
compiling run.c...
..\System\CORE\core_cm4_simd.h(127): warning:  #47-D: incompatible redefinition of macro "__SMMLA" (declared at line 780 of "D:\APP Data\keil5\ARM\PACK\ARM\CMSIS\4.4.0\CMSIS\Include\cmsis_armcc.h")
  #define __SMMLA(ARG1,ARG2,ARG3)          ( (int32_t)((((int64_t)(ARG1) * (ARG2)) + \
..\Software\run.c(163): warning:  #167-D: argument of type "u8 *" is incompatible with parameter of type "char *restrict"
      sprintf(wenzi,"%d",Length);
..\Software\run.c(185): warning:  #1035-D: single-precision operand implicitly converted to double-precision
  	Beita = Forward/180*3.14;
..\Software\run.c(194): warning:  #177-D: variable "x0" was declared but never referenced
  	float _y_goal,x0;
..\Software\run.c(265): warning:  #167-D: argument of type "u8 *" is incompatible with parameter of type "char *restrict"
      sprintf(wenzi,"%.2f",Forward);
..\Software\run.c(350): warning:  #177-D: variable "x0_0" was declared but never referenced
  	float x0_0,x0_1,x1_0,x1_1,xitaX,xitaY;
..\Software\run.c(350): warning:  #177-D: variable "x0_1" was declared but never referenced
  	float x0_0,x0_1,x1_0,x1_1,xitaX,xitaY;
..\Software\run.c(350): warning:  #177-D: variable "x1_0" was declared but never referenced
  	float x0_0,x0_1,x1_0,x1_1,xitaX,xitaY;
..\Software\run.c(350): warning:  #177-D: variable "x1_1" was declared but never referenced
  	float x0_0,x0_1,x1_0,x1_1,xitaX,xitaY;
..\Software\run.c(424): warning:  #167-D: argument of type "u8 *" is incompatible with parameter of type "char *restrict"
      sprintf(wenzi,"%d",R);
..\Software\run.c: 10 warnings, 0 errors
compiling stm32f4xx_it.c...
..\System\CORE\core_cm4_simd.h(127): warning:  #47-D: incompatible redefinition of macro "__SMMLA" (declared at line 780 of "D:\APP Data\keil5\ARM\PACK\ARM\CMSIS\4.4.0\CMSIS\Include\cmsis_armcc.h")
  #define __SMMLA(ARG1,ARG2,ARG3)          ( (int32_t)((((int64_t)(ARG1) * (ARG2)) + \
..\System\Sys\stm32f4xx_it.c: 1 warning, 0 errors
compiling system_stm32f4xx.c...
..\System\CORE\core_cm4_simd.h(127): warning:  #47-D: incompatible redefinition of macro "__SMMLA" (declared at line 780 of "D:\APP Data\keil5\ARM\PACK\ARM\CMSIS\4.4.0\CMSIS\Include\cmsis_armcc.h")
  #define __SMMLA(ARG1,ARG2,ARG3)          ( (int32_t)((((int64_t)(ARG1) * (ARG2)) + \
..\System\Sys\system_stm32f4xx.c: 1 warning, 0 errors
compiling Sys.c...
..\System\CORE\core_cm4_simd.h(127): warning:  #47-D: incompatible redefinition of macro "__SMMLA" (declared at line 780 of "D:\APP Data\keil5\ARM\PACK\ARM\CMSIS\4.4.0\CMSIS\Include\cmsis_armcc.h")
  #define __SMMLA(ARG1,ARG2,ARG3)          ( (int32_t)((((int64_t)(ARG1) * (ARG2)) + \
..\System\Sys\Sys.c: 1 warning, 0 errors
compiling stm32f4xx_gpio.c...
..\System\CORE\core_cm4_simd.h(127): warning:  #47-D: incompatible redefinition of macro "__SMMLA" (declared at line 780 of "D:\APP Data\keil5\ARM\PACK\ARM\CMSIS\4.4.0\CMSIS\Include\cmsis_armcc.h")
  #define __SMMLA(ARG1,ARG2,ARG3)          ( (int32_t)((((int64_t)(ARG1) * (ARG2)) + \
..\System\FWLIB\src\stm32f4xx_gpio.c: 1 warning, 0 errors
compiling stm32f4xx_rcc.c...
..\System\CORE\core_cm4_simd.h(127): warning:  #47-D: incompatible redefinition of macro "__SMMLA" (declared at line 780 of "D:\APP Data\keil5\ARM\PACK\ARM\CMSIS\4.4.0\CMSIS\Include\cmsis_armcc.h")
  #define __SMMLA(ARG1,ARG2,ARG3)          ( (int32_t)((((int64_t)(ARG1) * (ARG2)) + \
..\System\FWLIB\src\stm32f4xx_rcc.c: 1 warning, 0 errors
compiling misc.c...
..\System\CORE\core_cm4_simd.h(127): warning:  #47-D: incompatible redefinition of macro "__SMMLA" (declared at line 780 of "D:\APP Data\keil5\ARM\PACK\ARM\CMSIS\4.4.0\CMSIS\Include\cmsis_armcc.h")
  #define __SMMLA(ARG1,ARG2,ARG3)          ( (int32_t)((((int64_t)(ARG1) * (ARG2)) + \
..\System\FWLIB\src\misc.c: 1 warning, 0 errors
compiling stm32f4xx_dma.c...
..\System\CORE\core_cm4_simd.h(127): warning:  #47-D: incompatible redefinition of macro "__SMMLA" (declared at line 780 of "D:\APP Data\keil5\ARM\PACK\ARM\CMSIS\4.4.0\CMSIS\Include\cmsis_armcc.h")
  #define __SMMLA(ARG1,ARG2,ARG3)          ( (int32_t)((((int64_t)(ARG1) * (ARG2)) + \
..\System\FWLIB\src\stm32f4xx_dma.c: 1 warning, 0 errors
compiling stm32f4xx_tim.c...
..\System\CORE\core_cm4_simd.h(127): warning:  #47-D: incompatible redefinition of macro "__SMMLA" (declared at line 780 of "D:\APP Data\keil5\ARM\PACK\ARM\CMSIS\4.4.0\CMSIS\Include\cmsis_armcc.h")
  #define __SMMLA(ARG1,ARG2,ARG3)          ( (int32_t)((((int64_t)(ARG1) * (ARG2)) + \
..\System\FWLIB\src\stm32f4xx_tim.c: 1 warning, 0 errors
compiling stm32f4xx_usart.c...
..\System\CORE\core_cm4_simd.h(127): warning:  #47-D: incompatible redefinition of macro "__SMMLA" (declared at line 780 of "D:\APP Data\keil5\ARM\PACK\ARM\CMSIS\4.4.0\CMSIS\Include\cmsis_armcc.h")
  #define __SMMLA(ARG1,ARG2,ARG3)          ( (int32_t)((((int64_t)(ARG1) * (ARG2)) + \
..\System\FWLIB\src\stm32f4xx_usart.c: 1 warning, 0 errors
compiling stm32f4xx_exti.c...
..\System\CORE\core_cm4_simd.h(127): warning:  #47-D: incompatible redefinition of macro "__SMMLA" (declared at line 780 of "D:\APP Data\keil5\ARM\PACK\ARM\CMSIS\4.4.0\CMSIS\Include\cmsis_armcc.h")
  #define __SMMLA(ARG1,ARG2,ARG3)          ( (int32_t)((((int64_t)(ARG1) * (ARG2)) + \
..\System\FWLIB\src\stm32f4xx_exti.c: 1 warning, 0 errors
compiling stm32f4xx_rtc.c...
..\System\CORE\core_cm4_simd.h(127): warning:  #47-D: incompatible redefinition of macro "__SMMLA" (declared at line 780 of "D:\APP Data\keil5\ARM\PACK\ARM\CMSIS\4.4.0\CMSIS\Include\cmsis_armcc.h")
  #define __SMMLA(ARG1,ARG2,ARG3)          ( (int32_t)((((int64_t)(ARG1) * (ARG2)) + \
..\System\FWLIB\src\stm32f4xx_rtc.c: 1 warning, 0 errors
compiling stm32f4xx_fsmc.c...
..\System\CORE\core_cm4_simd.h(127): warning:  #47-D: incompatible redefinition of macro "__SMMLA" (declared at line 780 of "D:\APP Data\keil5\ARM\PACK\ARM\CMSIS\4.4.0\CMSIS\Include\cmsis_armcc.h")
  #define __SMMLA(ARG1,ARG2,ARG3)          ( (int32_t)((((int64_t)(ARG1) * (ARG2)) + \
..\System\FWLIB\src\stm32f4xx_fsmc.c: 1 warning, 0 errors
compiling stm32f4xx_adc.c...
..\System\CORE\core_cm4_simd.h(127): warning:  #47-D: incompatible redefinition of macro "__SMMLA" (declared at line 780 of "D:\APP Data\keil5\ARM\PACK\ARM\CMSIS\4.4.0\CMSIS\Include\cmsis_armcc.h")
  #define __SMMLA(ARG1,ARG2,ARG3)          ( (int32_t)((((int64_t)(ARG1) * (ARG2)) + \
..\System\FWLIB\src\stm32f4xx_adc.c: 1 warning, 0 errors
linking...
Program Size: Code=36444 RO-data=612 RW-data=37780 ZI-data=1508  
FromELF: creating hex file...
"..\Out\Base.axf" - 0 Error(s), 36 Warning(s).

<h2>Software Packages used:</h2>

Package Vendor: ARM
                http://www.keil.com/pack/ARM.CMSIS.4.4.0.pack
                ARM::CMSIS:CORE:4.2.0
                CMSIS (Cortex Microcontroller Software Interface Standard)
   * Component: CORE Version: 4.2.0

<h2>Collection of Component include folders:</h2>
  D:\PC Data\32bit\M4\Cotex_m4国赛1 - 副本\User\RTE
  D:\APP Data\keil5\ARM\PACK\ARM\CMSIS\4.4.0\CMSIS\Include
  D:\APP Data\keil5\ARM\PACK\Keil\STM32F4xx_DFP\2.6.0\Drivers\CMSIS\Device\ST\STM32F4xx\Include

<h2>Collection of Component Files used:</h2>

   * Component: ARM::CMSIS:CORE:4.2.0
Build Time Elapsed:  00:00:23
</pre>
</body>
</html>
